Archive member included to satisfy reference by file (symbol)

app/libapp.a(main.c.obj)      (--whole-archive)
zephyr/libzephyr.a(heap.c.obj)
                              (--whole-archive)
zephyr/libzephyr.a(cbprintf_packaged.c.obj)
                              (--whole-archive)
zephyr/libzephyr.a(printk.c.obj)
                              (--whole-archive)
zephyr/libzephyr.a(sem.c.obj)
                              (--whole-archive)
zephyr/libzephyr.a(thread_entry.c.obj)
                              (--whole-archive)
zephyr/libzephyr.a(cbprintf_complete.c.obj)
                              (--whole-archive)
zephyr/libzephyr.a(assert.c.obj)
                              (--whole-archive)
zephyr/libzephyr.a(mpsc_pbuf.c.obj)
                              (--whole-archive)
zephyr/libzephyr.a(dec.c.obj)
                              (--whole-archive)
zephyr/libzephyr.a(hex.c.obj)
                              (--whole-archive)
zephyr/libzephyr.a(rb.c.obj)  (--whole-archive)
zephyr/libzephyr.a(timeutil.c.obj)
                              (--whole-archive)
zephyr/libzephyr.a(bitarray.c.obj)
                              (--whole-archive)
zephyr/libzephyr.a(ring_buffer.c.obj)
                              (--whole-archive)
zephyr/libzephyr.a(last_section_id.c.obj)
                              (--whole-archive)
zephyr/libzephyr.a(configs.c.obj)
                              (--whole-archive)
zephyr/libzephyr.a(stm32cube_hal.c.obj)
                              (--whole-archive)
zephyr/libzephyr.a(soc_config.c.obj)
                              (--whole-archive)
zephyr/libzephyr.a(stm32_cache.c.obj)
                              (--whole-archive)
zephyr/libzephyr.a(soc.c.obj)
                              (--whole-archive)
zephyr/libzephyr.a(log_core.c.obj)
                              (--whole-archive)
zephyr/libzephyr.a(log_mgmt.c.obj)
                              (--whole-archive)
zephyr/libzephyr.a(log_cache.c.obj)
                              (--whole-archive)
zephyr/libzephyr.a(log_msg.c.obj)
                              (--whole-archive)
zephyr/libzephyr.a(log_output.c.obj)
                              (--whole-archive)
zephyr/libzephyr.a(log_backend_uart.c.obj)
                              (--whole-archive)
zephyr/libzephyr.a(mem_attr.c.obj)
                              (--whole-archive)
zephyr/libzephyr.a(tracing_none.c.obj)
                              (--whole-archive)
zephyr/arch/common/libarch__common.a(sw_isr_common.c.obj)
                              (--whole-archive)
zephyr/arch/arch/arm/core/libarch__arm__core.a(fatal.c.obj)
                              (--whole-archive)
zephyr/arch/arch/arm/core/libarch__arm__core.a(nmi.c.obj)
                              (--whole-archive)
zephyr/arch/arch/arm/core/libarch__arm__core.a(nmi_on_reset.S.obj)
                              (--whole-archive)
zephyr/arch/arch/arm/core/libarch__arm__core.a(tls.c.obj)
                              (--whole-archive)
zephyr/arch/arch/arm/core/cortex_m/libarch__arm__core__cortex_m.a(exc_exit.c.obj)
                              (--whole-archive)
zephyr/arch/arch/arm/core/cortex_m/libarch__arm__core__cortex_m.a(fault.c.obj)
                              (--whole-archive)
zephyr/arch/arch/arm/core/cortex_m/libarch__arm__core__cortex_m.a(fault_s.S.obj)
                              (--whole-archive)
zephyr/arch/arch/arm/core/cortex_m/libarch__arm__core__cortex_m.a(fpu.c.obj)
                              (--whole-archive)
zephyr/arch/arch/arm/core/cortex_m/libarch__arm__core__cortex_m.a(reset.S.obj)
                              (--whole-archive)
zephyr/arch/arch/arm/core/cortex_m/libarch__arm__core__cortex_m.a(scb.c.obj)
                              (--whole-archive)
zephyr/arch/arch/arm/core/cortex_m/libarch__arm__core__cortex_m.a(thread_abort.c.obj)
                              (--whole-archive)
zephyr/arch/arch/arm/core/cortex_m/libarch__arm__core__cortex_m.a(vector_table.S.obj)
                              (--whole-archive)
zephyr/arch/arch/arm/core/cortex_m/libarch__arm__core__cortex_m.a(swap_helper.S.obj)
                              (--whole-archive)
zephyr/arch/arch/arm/core/cortex_m/libarch__arm__core__cortex_m.a(irq_manage.c.obj)
                              (--whole-archive)
zephyr/arch/arch/arm/core/cortex_m/libarch__arm__core__cortex_m.a(prep_c.c.obj)
                              (--whole-archive)
zephyr/arch/arch/arm/core/cortex_m/libarch__arm__core__cortex_m.a(thread.c.obj)
                              (--whole-archive)
zephyr/arch/arch/arm/core/cortex_m/libarch__arm__core__cortex_m.a(cpu_idle.c.obj)
                              (--whole-archive)
zephyr/arch/arch/arm/core/cortex_m/libarch__arm__core__cortex_m.a(irq_init.c.obj)
                              (--whole-archive)
zephyr/arch/arch/arm/core/cortex_m/libarch__arm__core__cortex_m.a(isr_wrapper.c.obj)
                              (--whole-archive)
[...]
Memory Configuration

Name             Origin             Length             Attributes
FLASH            0x0000000008000000 0x0000000000200000 xr
RAM              0x0000000020020000 0x0000000000060000 xw
QSPI_PLACEHOLDER 0x0000000090000000 0x0000000010000000 rw
SRAM0            0x0000000020020000 0x0000000000060000 rw
DTCM             0x0000000020000000 0x0000000000020000 rw
IDT_LIST         0x00000000ffff7fff 0x0000000000008000 xw
*default*        0x0000000000000000 0xffffffffffffffff

Linker script and memory map

                0x0000000008004924                vfprintf = __l_vfprintf
                0x0000000000000000                vfscanf = __l_vfscanf
LOAD zephyr/CMakeFiles/zephyr_final.dir/misc/empty_file.c.obj
LOAD zephyr/CMakeFiles/zephyr_final.dir/isr_tables.c.obj
LOAD zephyr/CMakeFiles/offsets.dir/./arch/arm/core/offsets/offsets.c.obj
LOAD app/libapp.a
LOAD zephyr/libzephyr.a
LOAD zephyr/arch/common/libarch__common.a
LOAD zephyr/arch/arch/arm/core/libarch__arm__core.a
LOAD zephyr/arch/arch/arm/core/cortex_m/libarch__arm__core__cortex_m.a
LOAD zephyr/arch/arch/arm/core/mpu/libarch__arm__core__mpu.a
LOAD zephyr/lib/libc/picolibc/liblib__libc__picolibc.a
LOAD zephyr/lib/libc/common/liblib__libc__common.a
LOAD zephyr/drivers/interrupt_controller/libdrivers__interrupt_controller.a
LOAD zephyr/drivers/clock_control/libdrivers__clock_control.a
LOAD zephyr/drivers/console/libdrivers__console.a
LOAD zephyr/drivers/gpio/libdrivers__gpio.a
LOAD zephyr/drivers/pinctrl/libdrivers__pinctrl.a
LOAD zephyr/drivers/reset/libdrivers__reset.a
LOAD zephyr/drivers/serial/libdrivers__serial.a
LOAD zephyr/drivers/timer/libdrivers__timer.a
LOAD modules/hal_stm32/stm32cube/lib..__modules__hal__stm32__stm32cube.a
LOAD modules/bus485/src/lib..__..__work__Tz__Bus485__bus485__src.a
LOAD zephyr/kernel/libkernel.a
LOAD zephyr/arch/common/libisr_tables.a
LOAD /home/no01eg/zephyr-sdk-0.17.1/arm-zephyr-eabi/bin/../lib/gcc/../../picolibc/arm-zephyr-eabi/lib/thumb/v7e-m/nofp/libc.a
LOAD /home/no01eg/zephyr-sdk-0.17.1/arm-zephyr-eabi/bin/../lib/gcc/arm-zephyr-eabi/12.2.0/thumb/v7e-m/nofp/libgcc.a
                0x0000000000000020                _region_min_align = 0x20

.rel.plt        0x0000000008000000        0x0
 *(SORT_BY_ALIGNMENT(.rel.plt))
                [!provide]                        PROVIDE (__rel_iplt_start = .)
 *(SORT_BY_ALIGNMENT(.rel.iplt))
 .rel.iplt      0x0000000008000000        0x0 zephyr/CMakeFiles/zephyr_final.dir/isr_tables.c.obj
                [!provide]                        PROVIDE (__rel_iplt_end = .)

.rela.plt       0x0000000000000000        0x0
 *(SORT_BY_ALIGNMENT(.rela.plt))
                [!provide]                        PROVIDE (__rela_iplt_start = .)
 *(SORT_BY_ALIGNMENT(.rela.iplt))
                [!provide]                        PROVIDE (__rela_iplt_end = .)

.rel.dyn
 *(SORT_BY_ALIGNMENT(.rel.*))

.rela.dyn
 *(SORT_BY_ALIGNMENT(.rela.*))

/DISCARD/
 *(SORT_BY_ALIGNMENT(.plt))

/DISCARD/
 *(SORT_BY_ALIGNMENT(.iplt))
                0x0000000008000000                __rom_region_start = 0x8000000

rom_start       0x0000000008000000      0x1f8
                0x0000000008000000                __rom_start_address = .
 FILL mask 0x00
                0x0000000008000000                . = (. + (0x0 - (. - __rom_start_address)))
                0x0000000008000000                . = ALIGN (0x4)
                0x0000000008000000                . = ALIGN (0x80)
                0x0000000008000000                . = ALIGN (0x200)
                0x0000000008000000                _vector_start = .
 *(SORT_BY_ALIGNMENT(.exc_vector_table))
 *(SORT_BY_ALIGNMENT(.exc_vector_table.*))
 .exc_vector_table._vector_table_section
                0x0000000008000000       0x40 zephyr/arch/arch/arm/core/cortex_m/libarch__arm__core__cortex_m.a(vector_table.S.obj)
                0x0000000008000000                _vector_table
 *(SORT_BY_ALIGNMENT(.vectors))
                0x00000000080001f8                _vector_end = .
                0x0000000008000040                . = ALIGN (0x4)
 *(SORT_BY_ALIGNMENT(.gnu.linkonce.irq_vector_table*))
 .gnu.linkonce.irq_vector_table
                0x0000000008000040      0x1b8 zephyr/CMakeFiles/zephyr_final.dir/isr_tables.c.obj
                0x0000000008000040                _irq_vector_table
                0x00000000080001f8                _vector_end = .

text            0x00000000080001f8     0x6790
                0x00000000080001f8                __text_region_start = .
 *(SORT_BY_ALIGNMENT(.text))
 .text          0x00000000080001f8       0x30 /home/no01eg/zephyr-sdk-0.17.1/arm-zephyr-eabi/bin/../lib/gcc/arm-zephyr-eabi/12.2.0/thumb/v7e-m/nofp/libgcc.a(_aeabi_uldivmod.o)
                0x00000000080001f8                __aeabi_uldivmod
 .text          0x0000000008000228        0x4 /home/no01eg/zephyr-sdk-0.17.1/arm-zephyr-eabi/bin/../lib/gcc/arm-zephyr-eabi/12.2.0/thumb/v7e-m/nofp/libgcc.a(_dvmd_tls.o)
                0x0000000008000228                __aeabi_ldiv0
                0x0000000008000228                __aeabi_idiv0
 .text          0x000000000800022c       0x10 /home/no01eg/zephyr-sdk-0.17.1/arm-zephyr-eabi/bin/../lib/gcc/../../picolibc/arm-zephyr-eabi/lib/thumb/v7e-m/nofp/libc.a(strlen.S.o)
                0x000000000800022c                strlen
 .text          0x000000000800023c      0x2a0 /home/no01eg/zephyr-sdk-0.17.1/arm-zephyr-eabi/bin/../lib/gcc/arm-zephyr-eabi/12.2.0/thumb/v7e-m/nofp/libgcc.a(_udivmoddi4.o)
                0x000000000800023c                __udivmoddi4
 *(SORT_BY_ALIGNMENT(.text.*))
 .text.th2_thread_start
                0x00000000080004dc      0x10c app/libapp.a(main.c.obj)
                0x00000000080004dc                th2_thread_start
 .text.th1_thread_start
                0x00000000080005e8      0x10c app/libapp.a(main.c.obj)
                0x00000000080005e8                th1_thread_start
 .text.main     0x00000000080006f4       0x90 app/libapp.a(main.c.obj)
                0x00000000080006f4                main
 .text.cbvprintf_package
                0x0000000008000784      0x3a4 zephyr/libzephyr.a(cbprintf_packaged.c.obj)
                0x0000000008000784                cbvprintf_package
 .text.cbprintf_package_convert
                0x0000000008000b28      0x3cc zephyr/libzephyr.a(cbprintf_packaged.c.obj)
                0x0000000008000b28                cbprintf_package_convert
 .text.__printk_hook_install
                0x0000000008000ef4        0xc zephyr/libzephyr.a(printk.c.obj)
                0x0000000008000ef4                __printk_hook_install
 .text.z_thread_entry
                0x0000000008000f00       0x34 zephyr/libzephyr.a(thread_entry.c.obj)
                0x0000000008000f00                z_thread_entry
 .text.st_stm32_common_config
                0x0000000008000f34       0x14 zephyr/libzephyr.a(soc_config.c.obj)
 .text.soc_early_init_hook
                0x0000000008000f48       0x28 zephyr/libzephyr.a(soc.c.obj)
                0x0000000008000f48                soc_early_init_hook
 .text.activate_foreach_backend
                0x0000000008000f70       0x64 zephyr/libzephyr.a(log_core.c.obj)
 .text.enable_logger
                0x0000000008000fd4       0x5c zephyr/libzephyr.a(log_core.c.obj)
 .text.log_process_thread_timer_expiry_fn
                0x0000000008001030        0xc zephyr/libzephyr.a(log_core.c.obj)
 .text.z_log_init
                0x000000000800103c       0x94 zephyr/libzephyr.a(log_core.c.obj)
 .text.log_format_func_t_get
                0x00000000080010d0        0xc zephyr/libzephyr.a(log_core.c.obj)
                0x00000000080010d0                log_format_func_t_get
 .text.log_set_timestamp_func
                0x00000000080010dc       0x20 zephyr/libzephyr.a(log_core.c.obj)
                0x00000000080010dc                log_set_timestamp_func
 .text.z_log_notify_backend_enabled
                0x00000000080010fc       0x1c zephyr/libzephyr.a(log_core.c.obj)
                0x00000000080010fc                z_log_notify_backend_enabled
 .text.z_log_dropped
                0x0000000008001118       0x44 zephyr/libzephyr.a(log_core.c.obj)
                0x0000000008001118                z_log_dropped
 .text.z_log_dropped_read_and_clear
                0x000000000800115c       0x20 zephyr/libzephyr.a(log_core.c.obj)
                0x000000000800115c                z_log_dropped_read_and_clear
 .text.dropped_notify
                0x000000000800117c       0x30 zephyr/libzephyr.a(log_core.c.obj)
                0x000000000800117c                dropped_notify
 .text.z_log_msg_init
                0x00000000080011ac       0x20 zephyr/libzephyr.a(log_core.c.obj)
                0x00000000080011ac                z_log_msg_init
 .text.log_core_init
                0x00000000080011cc       0x50 zephyr/libzephyr.a(log_core.c.obj)
                0x00000000080011cc                log_core_init
 .text.z_log_msg_alloc
                0x000000000800121c       0x10 zephyr/libzephyr.a(log_core.c.obj)
                0x000000000800121c                z_log_msg_alloc
 .text.z_log_msg_local_claim
                0x000000000800122c        0xc zephyr/libzephyr.a(log_core.c.obj)
                0x000000000800122c                z_log_msg_local_claim
 .text.z_log_msg_free
                0x0000000008001238       0x10 zephyr/libzephyr.a(log_core.c.obj)
                0x0000000008001238                z_log_msg_free
 .text.z_log_msg_pending
                0x0000000008001248        0xc zephyr/libzephyr.a(log_core.c.obj)
                0x0000000008001248                z_log_msg_pending
 .text.z_impl_log_process
                0x0000000008001254       0xb4 zephyr/libzephyr.a(log_core.c.obj)
                0x0000000008001254                z_impl_log_process
 .text.z_impl_log_panic
                0x0000000008001308       0x44 zephyr/libzephyr.a(log_core.c.obj)
                0x0000000008001308                z_impl_log_panic
 .text.log_process_thread_func
                0x000000000800134c       0xa4 zephyr/libzephyr.a(log_core.c.obj)
 .text.z_log_msg_post_finalize
                0x00000000080013f0       0x78 zephyr/libzephyr.a(log_core.c.obj)
 .text.z_log_msg_commit
                0x0000000008001468       0x24 zephyr/libzephyr.a(log_core.c.obj)
                0x0000000008001468                z_log_msg_commit
 .text.log_source_name_get
                0x000000000800148c       0x1c zephyr/libzephyr.a(log_mgmt.c.obj)
                0x000000000800148c                log_source_name_get
 .text.z_impl_z_log_msg_static_create
                0x00000000080014a8      0x108 zephyr/libzephyr.a(log_msg.c.obj)
                0x00000000080014a8                z_impl_z_log_msg_static_create
 .text.z_log_msg_runtime_vcreate
                0x00000000080015b0       0xa0 zephyr/libzephyr.a(log_msg.c.obj)
                0x00000000080015b0                z_log_msg_runtime_vcreate
 .text.log_msg_get_source_id
                0x0000000008001650       0x18 zephyr/libzephyr.a(log_msg.c.obj)
                0x0000000008001650                log_msg_get_source_id
 .text.print_formatted
                0x0000000008001668       0x24 zephyr/libzephyr.a(log_output.c.obj)
 .text.newline_print
                0x000000000800168c       0x1c zephyr/libzephyr.a(log_output.c.obj)
 .text.log_output_process
                0x00000000080016a8      0x2d4 zephyr/libzephyr.a(log_output.c.obj)
                0x00000000080016a8                log_output_process
 .text.log_output_dropped_process
                0x000000000800197c       0x58 zephyr/libzephyr.a(log_output.c.obj)
                0x000000000800197c                log_output_dropped_process
 .text.log_output_timestamp_freq_set
                0x00000000080019d4       0x2c zephyr/libzephyr.a(log_output.c.obj)
                0x00000000080019d4                log_output_timestamp_freq_set
 .text.char_out
                0x0000000008001a00       0x24 zephyr/libzephyr.a(log_backend_uart.c.obj)
 .text.mem_attr_get_regions
                0x0000000008001a24        0xc zephyr/libzephyr.a(mem_attr.c.obj)
                0x0000000008001a24                mem_attr_get_regions
 .text.z_arm_fatal_error
                0x0000000008001a30       0xb8 zephyr/arch/arch/arm/core/libarch__arm__core.a(fatal.c.obj)
                0x0000000008001a30                z_arm_fatal_error
 .text.z_SysNmiOnReset
                0x0000000008001ae8        0x8 zephyr/arch/arch/arm/core/libarch__arm__core.a(nmi_on_reset.S.obj)
                0x0000000008001ae8                z_SysNmiOnReset
 .text.arch_tls_stack_setup
                0x0000000008001af0       0x40 zephyr/arch/arch/arm/core/libarch__arm__core.a(tls.c.obj)
                0x0000000008001af0                arch_tls_stack_setup
 .text._HandlerModeExit
                0x0000000008001b30       0x20 zephyr/arch/arch/arm/core/cortex_m/libarch__arm__core__cortex_m.a(exc_exit.c.obj)
                0x0000000008001b30                z_arm_exc_exit
                0x0000000008001b30                z_arm_int_exit
 .text.bus_fault.constprop.0
                0x0000000008001b50       0xd0 zephyr/arch/arch/arm/core/cortex_m/libarch__arm__core__cortex_m.a(fault.c.obj)
 .text.usage_fault.constprop.0
                0x0000000008001c20       0xa8 zephyr/arch/arch/arm/core/cortex_m/libarch__arm__core__cortex_m.a(fault.c.obj)
 .text.mem_manage_fault
                0x0000000008001cc8      0x104 zephyr/arch/arch/arm/core/cortex_m/libarch__arm__core__cortex_m.a(fault.c.obj)
 .text.z_arm_fault
                0x0000000008001dcc      0x1d4 zephyr/arch/arch/arm/core/cortex_m/libarch__arm__core__cortex_m.a(fault.c.obj)
                0x0000000008001dcc                z_arm_fault
 .text.z_arm_fault_init
                0x0000000008001fa0       0x18 zephyr/arch/arch/arm/core/cortex_m/libarch__arm__core__cortex_m.a(fault.c.obj)
                0x0000000008001fa0                z_arm_fault_init
 .text.__fault  0x0000000008001fb8       0x14 zephyr/arch/arch/arm/core/cortex_m/libarch__arm__core__cortex_m.a(fault_s.S.obj)
                0x0000000008001fb8                z_arm_bus_fault
                0x0000000008001fb8                z_arm_usage_fault
                0x0000000008001fb8                z_arm_mpu_fault
                0x0000000008001fb8                z_arm_exc_spurious
                0x0000000008001fb8                z_arm_debug_monitor
                0x0000000008001fb8                z_arm_hard_fault
 .text._reset_section
                0x0000000008001fcc       0x34 zephyr/arch/arch/arm/core/cortex_m/libarch__arm__core__cortex_m.a(reset.S.obj)
                0x0000000008001fcc                z_arm_reset
                0x0000000008001fcc                __start
 .text.z_impl_k_thread_abort
                0x0000000008002000       0x2c zephyr/arch/arch/arm/core/cortex_m/libarch__arm__core__cortex_m.a(thread_abort.c.obj)
                0x0000000008002000                z_impl_k_thread_abort
 .text.z_arm_pendsv
                0x000000000800202c       0x60 zephyr/arch/arch/arm/core/cortex_m/libarch__arm__core__cortex_m.a(swap_helper.S.obj)
                0x000000000800202c                z_arm_pendsv
 .text.z_arm_svc
                0x000000000800208c       0x24 zephyr/arch/arch/arm/core/cortex_m/libarch__arm__core__cortex_m.a(swap_helper.S.obj)
                0x000000000800208c                z_arm_svc
 .text.arm_irq_enable
                0x00000000080020b0       0x1c zephyr/arch/arch/arm/core/cortex_m/libarch__arm__core__cortex_m.a(irq_manage.c.obj)
                0x00000000080020b0                arm_irq_enable
 .text.arm_irq_priority_set
                0x00000000080020cc       0x2c zephyr/arch/arch/arm/core/cortex_m/libarch__arm__core__cortex_m.a(irq_manage.c.obj)
                0x00000000080020cc                arm_irq_priority_set
 .text.relocate_vector_table
                0x00000000080020f8       0x1c zephyr/arch/arch/arm/core/cortex_m/libarch__arm__core__cortex_m.a(prep_c.c.obj)
                0x00000000080020f8                relocate_vector_table
 .text.z_prep_c
                0x0000000008002114       0x38 zephyr/arch/arch/arm/core/cortex_m/libarch__arm__core__cortex_m.a(prep_c.c.obj)
                0x0000000008002114                z_prep_c
 .text.arch_new_thread
                0x000000000800214c       0x2c zephyr/arch/arch/arm/core/cortex_m/libarch__arm__core__cortex_m.a(thread.c.obj)
                0x000000000800214c                arch_new_thread
 .text.z_check_thread_stack_fail
                0x0000000008002178       0x2c zephyr/arch/arch/arm/core/cortex_m/libarch__arm__core__cortex_m.a(thread.c.obj)
                0x0000000008002178                z_check_thread_stack_fail
 .text.arch_switch_to_main_thread
                0x00000000080021a4       0x3c zephyr/arch/arch/arm/core/cortex_m/libarch__arm__core__cortex_m.a(thread.c.obj)
                0x00000000080021a4                arch_switch_to_main_thread
 .text.z_arm_cpu_idle_init
                0x00000000080021e0        0xc zephyr/arch/arch/arm/core/cortex_m/libarch__arm__core__cortex_m.a(cpu_idle.c.obj)
                0x00000000080021e0                z_arm_cpu_idle_init
 .text.z_arm_interrupt_init
                0x00000000080021ec       0x18 zephyr/arch/arch/arm/core/cortex_m/libarch__arm__core__cortex_m.a(irq_init.c.obj)
                0x00000000080021ec                z_arm_interrupt_init
 .text._isr_wrapper
                0x0000000008002204       0x24 zephyr/arch/arch/arm/core/cortex_m/libarch__arm__core__cortex_m.a(isr_wrapper.c.obj)
                0x0000000008002204                _isr_wrapper
 .text.z_arm_configure_static_mpu_regions
                0x0000000008002228       0x18 zephyr/arch/arch/arm/core/mpu/libarch__arm__core__mpu.a(arm_core_mpu.c.obj)
                0x0000000008002228                z_arm_configure_static_mpu_regions
 .text.z_arm_configure_dynamic_mpu_regions
                0x0000000008002240       0x20 zephyr/arch/arch/arm/core/mpu/libarch__arm__core__mpu.a(arm_core_mpu.c.obj)
                0x0000000008002240                z_arm_configure_dynamic_mpu_regions
 .text.region_init
                0x0000000008002260       0x60 zephyr/arch/arch/arm/core/mpu/libarch__arm__core__mpu.a(arm_mpu.c.obj)
 .text.region_allocate_and_init
                0x00000000080022c0       0x70 zephyr/arch/arch/arm/core/mpu/libarch__arm__core__mpu.a(arm_mpu.c.obj)
 .text.mpu_configure_regions
                0x0000000008002330       0xb0 zephyr/arch/arch/arm/core/mpu/libarch__arm__core__mpu.a(arm_mpu.c.obj)
 .text.arm_core_mpu_enable
                0x00000000080023e0       0x18 zephyr/arch/arch/arm/core/mpu/libarch__arm__core__mpu.a(arm_mpu.c.obj)
                0x00000000080023e0                arm_core_mpu_enable
 .text.arm_core_mpu_disable
                0x00000000080023f8       0x14 zephyr/arch/arch/arm/core/mpu/libarch__arm__core__mpu.a(arm_mpu.c.obj)
                0x00000000080023f8                arm_core_mpu_disable
 .text.arm_core_mpu_configure_static_mpu_regions
                0x000000000800240c       0x14 zephyr/arch/arch/arm/core/mpu/libarch__arm__core__mpu.a(arm_mpu.c.obj)
                0x000000000800240c                arm_core_mpu_configure_static_mpu_regions
 .text.arm_core_mpu_configure_dynamic_mpu_regions
                0x0000000008002420       0x38 zephyr/arch/arch/arm/core/mpu/libarch__arm__core__mpu.a(arm_mpu.c.obj)
                0x0000000008002420                arm_core_mpu_configure_dynamic_mpu_regions
 .text.z_arm_mpu_init
                0x0000000008002458      0x1a4 zephyr/arch/arch/arm/core/mpu/libarch__arm__core__mpu.a(arm_mpu.c.obj)
                0x0000000008002458                z_arm_mpu_init
 .text.cbvprintf
                0x00000000080025fc       0x38 zephyr/lib/libc/picolibc/liblib__libc__picolibc.a(cbprintf.c.obj)
                0x00000000080025fc                cbvprintf
 .text.z_impl_zephyr_fputc
                0x0000000008002634       0x10 zephyr/lib/libc/picolibc/liblib__libc__picolibc.a(stdio.c.obj)
                0x0000000008002634                z_impl_zephyr_fputc
 .text.__stdout_hook_install
                0x0000000008002644       0x18 zephyr/lib/libc/picolibc/liblib__libc__picolibc.a(stdio.c.obj)
                0x0000000008002644                __stdout_hook_install
 .text.malloc_prepare
                0x000000000800265c       0x24 zephyr/lib/libc/common/liblib__libc__common.a(malloc.c.obj)
 .text.stm32_exti_isr
                0x0000000008002680       0x50 zephyr/drivers/interrupt_controller/libdrivers__interrupt_controller.a(intc_exti_stm32.c.obj)
 .text.stm32_fill_irq_table
                0x00000000080026d0       0x18 zephyr/drivers/interrupt_controller/libdrivers__interrupt_controller.a(intc_exti_stm32.c.obj)
 .text.stm32_exti_init
                0x00000000080026e8       0xb4 zephyr/drivers/interrupt_controller/libdrivers__interrupt_controller.a(intc_exti_stm32.c.obj)
 .text.stm32_gpio_intc_enable_line
                0x000000000800279c       0x2c zephyr/drivers/interrupt_controller/libdrivers__interrupt_controller.a(intc_exti_stm32.c.obj)
                0x000000000800279c                stm32_gpio_intc_enable_line
 .text.stm32_gpio_intc_disable_line
                0x00000000080027c8       0x10 zephyr/drivers/interrupt_controller/libdrivers__interrupt_controller.a(intc_exti_stm32.c.obj)
                0x00000000080027c8                stm32_gpio_intc_disable_line
 .text.stm32_gpio_intc_select_line_trigger
                0x00000000080027d8       0x50 zephyr/drivers/interrupt_controller/libdrivers__interrupt_controller.a(intc_exti_stm32.c.obj)
                0x00000000080027d8                stm32_gpio_intc_select_line_trigger
 .text.stm32_gpio_intc_set_irq_callback
                0x0000000008002828       0x40 zephyr/drivers/interrupt_controller/libdrivers__interrupt_controller.a(intc_exti_stm32.c.obj)
                0x0000000008002828                stm32_gpio_intc_set_irq_callback
 .text.stm32_gpio_intc_remove_irq_callback
                0x0000000008002868       0x24 zephyr/drivers/interrupt_controller/libdrivers__interrupt_controller.a(intc_exti_stm32.c.obj)
                0x0000000008002868                stm32_gpio_intc_remove_irq_callback
 .text.stm32_exti_get_line_src_port
                0x000000000800288c       0x30 zephyr/drivers/interrupt_controller/libdrivers__interrupt_controller.a(intc_exti_stm32.c.obj)
                0x000000000800288c                stm32_exti_get_line_src_port
 .text.stm32_clock_control_get_subsys_rate
                0x00000000080028bc       0xa0 zephyr/drivers/clock_control/libdrivers__clock_control.a(clock_stm32_ll_common.c.obj)
 .text.stm32_clock_control_init
                0x000000000800295c      0x124 zephyr/drivers/clock_control/libdrivers__clock_control.a(clock_stm32_ll_common.c.obj)
                0x000000000800295c                stm32_clock_control_init
 .text.get_pllsrc_frequency
                0x0000000008002a80        0x8 zephyr/drivers/clock_control/libdrivers__clock_control.a(clock_stm32f2_f4_f7.c.obj)
                0x0000000008002a80                get_pllsrc_frequency
 .text.config_pll_sysclock
                0x0000000008002a88       0x60 zephyr/drivers/clock_control/libdrivers__clock_control.a(clock_stm32f2_f4_f7.c.obj)
                0x0000000008002a88                config_pll_sysclock
 .text.config_enable_default_clocks
                0x0000000008002ae8       0x20 zephyr/drivers/clock_control/libdrivers__clock_control.a(clock_stm32f2_f4_f7.c.obj)
                0x0000000008002ae8                config_enable_default_clocks
 .text.uart_console_init
                0x0000000008002b08       0x28 zephyr/drivers/console/libdrivers__console.a(uart_console.c.obj)
 .text.console_out
                0x0000000008002b30       0x28 zephyr/drivers/console/libdrivers__console.a(uart_console.c.obj)
 .text.gpio_stm32_pin_interrupt_configure
                0x0000000008002b58       0xb0 zephyr/drivers/gpio/libdrivers__gpio.a(gpio_stm32.c.obj)
 .text.gpio_stm32_init
                0x0000000008002c08       0x38 zephyr/drivers/gpio/libdrivers__gpio.a(gpio_stm32.c.obj)
 .text.pinctrl_configure_pins
                0x0000000008002c40       0x84 zephyr/drivers/pinctrl/libdrivers__pinctrl.a(pinctrl_stm32.c.obj)
                0x0000000008002c40                pinctrl_configure_pins
 .text.uart_stm32_irq_err_enable
                0x0000000008002cc4       0x78 zephyr/drivers/serial/libdrivers__serial.a(uart_stm32.c.obj)
 .text.uart_stm32_irq_err_disable
                0x0000000008002d3c       0x78 zephyr/drivers/serial/libdrivers__serial.a(uart_stm32.c.obj)
 .text.uart_stm32_set_baudrate.part.0
                0x0000000008002db4       0x14 zephyr/drivers/serial/libdrivers__serial.a(uart_stm32.c.obj)
 .text.uart_stm32_parameters_set
                0x0000000008002dc8      0x134 zephyr/drivers/serial/libdrivers__serial.a(uart_stm32.c.obj)
 .text.uart_stm32_init
                0x0000000008002efc      0x1ec zephyr/drivers/serial/libdrivers__serial.a(uart_stm32.c.obj)
 .text.uart_stm32_configure
                0x00000000080030e8      0x160 zephyr/drivers/serial/libdrivers__serial.a(uart_stm32.c.obj)
 .text.elapsed  0x0000000008003248       0x4c zephyr/drivers/timer/libdrivers__timer.a(cortex_m_systick.c.obj)
 .text.sys_clock_driver_init
                0x0000000008003294       0x38 zephyr/drivers/timer/libdrivers__timer.a(cortex_m_systick.c.obj)
 .text.sys_clock_isr
                0x00000000080032cc       0x60 zephyr/drivers/timer/libdrivers__timer.a(cortex_m_systick.c.obj)
                0x00000000080032cc                sys_clock_isr
 .text.sys_clock_set_timeout
                0x000000000800332c       0xfc zephyr/drivers/timer/libdrivers__timer.a(cortex_m_systick.c.obj)
                0x000000000800332c                sys_clock_set_timeout
 .text.sys_clock_elapsed
                0x0000000008003428       0x3c zephyr/drivers/timer/libdrivers__timer.a(cortex_m_systick.c.obj)
                0x0000000008003428                sys_clock_elapsed
 .text.HAL_RCC_GetSysClockFreq
                0x0000000008003464       0x5c modules/hal_stm32/stm32cube/lib..__modules__hal__stm32__stm32cube.a(stm32f7xx_hal_rcc.c.obj)
                0x0000000008003464                HAL_RCC_GetSysClockFreq
 .text.LL_SetFlashLatency
                0x00000000080034c0       0xe0 modules/hal_stm32/stm32cube/lib..__modules__hal__stm32__stm32cube.a(stm32f7xx_ll_utils.c.obj)
                0x00000000080034c0                LL_SetFlashLatency
 .text.bus485_init
                0x00000000080035a0       0xd0 modules/bus485/src/lib..__..__work__Tz__Bus485__bus485__src.a(bus485.c.obj)
 .text.bus485_set_baudrate
                0x0000000008003670       0x54 modules/bus485/src/lib..__..__work__Tz__Bus485__bus485__src.a(bus485.c.obj)
                0x0000000008003670                bus485_set_baudrate
 .text.k_sys_fatal_error_handler
                0x00000000080036c4       0x20 zephyr/kernel/libkernel.a(fatal.c.obj)
                0x00000000080036c4                k_sys_fatal_error_handler
 .text.z_fatal_error
                0x00000000080036e4       0xe8 zephyr/kernel/libkernel.a(fatal.c.obj)
                0x00000000080036e4                z_fatal_error
 .text.z_sys_init_run_level
                0x00000000080037cc       0x30 zephyr/kernel/libkernel.a(init.c.obj)
 .text.bg_thread_main
                0x00000000080037fc       0xc0 zephyr/kernel/libkernel.a(init.c.obj)
 .text.z_bss_zero
                0x00000000080038bc       0x2c zephyr/kernel/libkernel.a(init.c.obj)
                0x00000000080038bc                z_bss_zero
 .text.z_init_cpu
                0x00000000080038e8       0x70 zephyr/kernel/libkernel.a(init.c.obj)
                0x00000000080038e8                z_init_cpu
 .text.z_cstart
                0x0000000008003958       0xcc zephyr/kernel/libkernel.a(init.c.obj)
                0x0000000008003958                z_cstart
 .text.z_impl_k_msgq_put
                0x0000000008003a24       0xb0 zephyr/kernel/libkernel.a(msg_q.c.obj)
                0x0000000008003a24                z_impl_k_msgq_put
 .text.z_impl_k_msgq_get
                0x0000000008003ad4       0xc4 zephyr/kernel/libkernel.a(msg_q.c.obj)
                0x0000000008003ad4                z_impl_k_msgq_get
 .text.z_impl_k_sem_give
                0x0000000008003b98       0x68 zephyr/kernel/libkernel.a(sem.c.obj)
                0x0000000008003b98                z_impl_k_sem_give
 .text.z_impl_k_sem_take
                0x0000000008003c00       0x4c zephyr/kernel/libkernel.a(sem.c.obj)
                0x0000000008003c00                z_impl_k_sem_take
 .text.z_setup_new_thread
                0x0000000008003c4c       0xe0 zephyr/kernel/libkernel.a(thread.c.obj)
                0x0000000008003c4c                z_setup_new_thread
 .text.z_impl_k_thread_create
                0x0000000008003d2c       0x58 zephyr/kernel/libkernel.a(thread.c.obj)
                0x0000000008003d2c                z_impl_k_thread_create
 .text.z_dummy_thread_init
                0x0000000008003d84       0x18 zephyr/kernel/libkernel.a(thread.c.obj)
                0x0000000008003d84                z_dummy_thread_init
 .text.z_swap_irqlock
                0x0000000008003d9c       0x30 zephyr/kernel/libkernel.a(sched.c.obj)
 .text.ready_thread
                0x0000000008003dcc       0x84 zephyr/kernel/libkernel.a(sched.c.obj)
 .text.unready_thread
                0x0000000008003e50       0x54 zephyr/kernel/libkernel.a(sched.c.obj)
 .text.add_thread_timeout
                0x0000000008003ea4       0x1c zephyr/kernel/libkernel.a(sched.c.obj)
 .text.move_thread_to_end_of_prio_q
                0x0000000008003ec0       0x90 zephyr/kernel/libkernel.a(sched.c.obj)
                0x0000000008003ec0                move_thread_to_end_of_prio_q
 .text.z_pend_curr
                0x0000000008003f50       0x44 zephyr/kernel/libkernel.a(sched.c.obj)
                0x0000000008003f50                z_pend_curr
 .text.z_reschedule
                0x0000000008003f94       0x24 zephyr/kernel/libkernel.a(sched.c.obj)
                0x0000000008003f94                z_reschedule
 .text.z_reschedule_irqlock
                0x0000000008003fb8       0x28 zephyr/kernel/libkernel.a(sched.c.obj)
                0x0000000008003fb8                z_reschedule_irqlock
 .text.k_sched_lock
                0x0000000008003fe0       0x28 zephyr/kernel/libkernel.a(sched.c.obj)
                0x0000000008003fe0                k_sched_lock
 .text.k_sched_unlock
                0x0000000008004008       0xa0 zephyr/kernel/libkernel.a(sched.c.obj)
                0x0000000008004008                k_sched_unlock
 .text.z_sched_init
                0x00000000080040a8       0x10 zephyr/kernel/libkernel.a(sched.c.obj)
                0x00000000080040a8                z_sched_init
 .text.z_impl_k_yield
                0x00000000080040b8       0x88 zephyr/kernel/libkernel.a(sched.c.obj)
                0x00000000080040b8                z_impl_k_yield
 .text.z_tick_sleep
                0x0000000008004140       0xb4 zephyr/kernel/libkernel.a(sched.c.obj)
 .text.z_impl_k_wakeup
                0x00000000080041f4       0x48 zephyr/kernel/libkernel.a(sched.c.obj)
                0x00000000080041f4                z_impl_k_wakeup
 .text.z_impl_k_sched_current_thread_query
                0x000000000800423c        0xc zephyr/kernel/libkernel.a(sched.c.obj)
                0x000000000800423c                z_impl_k_sched_current_thread_query
 .text.z_thread_abort
                0x0000000008004248      0x138 zephyr/kernel/libkernel.a(sched.c.obj)
                0x0000000008004248                z_thread_abort
 .text.slice_timeout
                0x0000000008004380       0x20 zephyr/kernel/libkernel.a(timeslicing.c.obj)
 .text.thread_is_sliceable
                0x00000000080043a0       0x3c zephyr/kernel/libkernel.a(timeslicing.c.obj)
                0x00000000080043a0                thread_is_sliceable
 .text.z_reset_time_slice
                0x00000000080043dc       0x50 zephyr/kernel/libkernel.a(timeslicing.c.obj)
                0x00000000080043dc                z_reset_time_slice
 .text.z_time_slice
                0x000000000800442c       0x60 zephyr/kernel/libkernel.a(timeslicing.c.obj)
                0x000000000800442c                z_time_slice
 .text.z_data_copy
                0x000000000800448c       0x50 zephyr/kernel/libkernel.a(xip.c.obj)
                0x000000000800448c                z_data_copy
 .text.first    0x00000000080044dc       0x10 zephyr/kernel/libkernel.a(timeout.c.obj)
 .text.elapsed  0x00000000080044ec       0x14 zephyr/kernel/libkernel.a(timeout.c.obj)
 .text.remove_timeout
                0x0000000008004500       0x38 zephyr/kernel/libkernel.a(timeout.c.obj)
 .text.z_add_timeout
                0x0000000008004538      0x124 zephyr/kernel/libkernel.a(timeout.c.obj)
                0x0000000008004538                z_add_timeout
 .text.sys_clock_announce
                0x000000000800465c       0xc0 zephyr/kernel/libkernel.a(timeout.c.obj)
                0x000000000800465c                sys_clock_announce
 .text.sys_clock_tick_get
                0x000000000800471c       0x30 zephyr/kernel/libkernel.a(timeout.c.obj)
                0x000000000800471c                sys_clock_tick_get
 .text.z_timer_expiration_handler
                0x000000000800474c       0xe0 zephyr/kernel/libkernel.a(timer.c.obj)
                0x000000000800474c                z_timer_expiration_handler
 .text.z_impl_k_timer_start
                0x000000000800482c       0x74 zephyr/kernel/libkernel.a(timer.c.obj)
                0x000000000800482c                z_impl_k_timer_start
 .text.boot_banner
                0x00000000080048a0        0xc zephyr/kernel/libkernel.a(banner.c.obj)
                0x00000000080048a0                boot_banner
 .text.statics_init
                0x00000000080048ac       0x24 zephyr/kernel/libkernel.a(kheap.c.obj)
 .text.snprintf
                0x00000000080048d0       0x54 /home/no01eg/zephyr-sdk-0.17.1/arm-zephyr-eabi/bin/../lib/gcc/../../picolibc/arm-zephyr-eabi/lib/thumb/v7e-m/nofp/libc.a(libc_tinystdio_snprintf.c.o)
                0x00000000080048d0                snprintf
 .text.__l_vfprintf
                0x0000000008004924      0x4b8 /home/no01eg/zephyr-sdk-0.17.1/arm-zephyr-eabi/bin/../lib/gcc/../../picolibc/arm-zephyr-eabi/lib/thumb/v7e-m/nofp/libc.a(libc_tinystdio_vflprintf.c.o)
                0x0000000008004924                __l_vfprintf
 .text._OffsetAbsSyms
                0x0000000008004ddc        0x2 zephyr/CMakeFiles/offsets.dir/./arch/arm/core/offsets/offsets.c.obj
                0x0000000008004ddc                _OffsetAbsSyms
 .text.z_log_msg_static_create
                0x0000000008004dde        0x4 app/libapp.a(main.c.obj)
 .text.k_msleep.isra.0
                0x0000000008004de2        0xa app/libapp.a(main.c.obj)
 .text.chunk_field
                0x0000000008004dec       0x16 zephyr/libzephyr.a(heap.c.obj)
 .text.chunk_set
                0x0000000008004e02       0x16 zephyr/libzephyr.a(heap.c.obj)
 .text.chunk_size
                0x0000000008004e18        0xc zephyr/libzephyr.a(heap.c.obj)
 .text.set_chunk_used
                0x0000000008004e24       0x30 zephyr/libzephyr.a(heap.c.obj)
 .text.set_chunk_size
                0x0000000008004e54        0x8 zephyr/libzephyr.a(heap.c.obj)
 .text.mem_to_chunkid
                0x0000000008004e5c       0x14 zephyr/libzephyr.a(heap.c.obj)
 .text.bucket_idx.isra.0
                0x0000000008004e70       0x1e zephyr/libzephyr.a(heap.c.obj)
 .text.free_list_remove_bidx
                0x0000000008004e8e       0x5c zephyr/libzephyr.a(heap.c.obj)
 .text.free_list_remove
                0x0000000008004eea       0x2e zephyr/libzephyr.a(heap.c.obj)
 .text.merge_chunks
                0x0000000008004f18       0x3c zephyr/libzephyr.a(heap.c.obj)
 .text.free_list_add
                0x0000000008004f54       0x84 zephyr/libzephyr.a(heap.c.obj)
 .text.free_chunk
                0x0000000008004fd8       0x84 zephyr/libzephyr.a(heap.c.obj)
 .text.sys_heap_free
                0x000000000800505c       0x24 zephyr/libzephyr.a(heap.c.obj)
                0x000000000800505c                sys_heap_free
 .text.sys_heap_init
                0x0000000008005080       0xb0 zephyr/libzephyr.a(heap.c.obj)
                0x0000000008005080                sys_heap_init
 .text.cbpprintf_external
                0x0000000008005130       0x62 zephyr/libzephyr.a(cbprintf_packaged.c.obj)
                0x0000000008005130                cbpprintf_external
 .text.is_ptr   0x0000000008005192       0x4a zephyr/libzephyr.a(cbprintf_packaged.c.obj)
                0x0000000008005192                is_ptr
 .text.arch_printk_char_out
                0x00000000080051dc        0x4 zephyr/libzephyr.a(printk.c.obj)
                0x00000000080051dc                arch_printk_char_out
 .text.printk   0x00000000080051e0       0x1a zephyr/libzephyr.a(printk.c.obj)
                0x00000000080051e0                printk
 .text.free_space
                0x00000000080051fa       0x26 zephyr/libzephyr.a(mpsc_pbuf.c.obj)
 .text.get_usage
                0x0000000008005220       0x22 zephyr/libzephyr.a(mpsc_pbuf.c.obj)
 .text.idx_inc  0x0000000008005242       0x1c zephyr/libzephyr.a(mpsc_pbuf.c.obj)
 .text.rd_idx_inc
                0x000000000800525e       0x18 zephyr/libzephyr.a(mpsc_pbuf.c.obj)
 .text.add_skip_item
                0x0000000008005276       0x3a zephyr/libzephyr.a(mpsc_pbuf.c.obj)
 .text.drop_item_locked
                0x00000000080052b0      0x100 zephyr/libzephyr.a(mpsc_pbuf.c.obj)
 .text.post_drop_action
                0x00000000080053b0       0x36 zephyr/libzephyr.a(mpsc_pbuf.c.obj)
 .text.max_utilization_update
                0x00000000080053e6       0x1a zephyr/libzephyr.a(mpsc_pbuf.c.obj)
 .text.mpsc_pbuf_init
                0x0000000008005400       0x42 zephyr/libzephyr.a(mpsc_pbuf.c.obj)
                0x0000000008005400                mpsc_pbuf_init
 .text.mpsc_pbuf_alloc
                0x0000000008005442       0xfe zephyr/libzephyr.a(mpsc_pbuf.c.obj)
                0x0000000008005442                mpsc_pbuf_alloc
 .text.mpsc_pbuf_commit
                0x0000000008005540       0x3e zephyr/libzephyr.a(mpsc_pbuf.c.obj)
                0x0000000008005540                mpsc_pbuf_commit
 .text.mpsc_pbuf_claim
                0x000000000800557e       0xa8 zephyr/libzephyr.a(mpsc_pbuf.c.obj)
                0x000000000800557e                mpsc_pbuf_claim
 .text.mpsc_pbuf_free
                0x0000000008005626       0x76 zephyr/libzephyr.a(mpsc_pbuf.c.obj)
                0x0000000008005626                mpsc_pbuf_free
 .text.mpsc_pbuf_is_pending
                0x000000000800569c       0x32 zephyr/libzephyr.a(mpsc_pbuf.c.obj)
                0x000000000800569c                mpsc_pbuf_is_pending
 .text._ConfigAbsSyms
                0x00000000080056ce        0x2 zephyr/libzephyr.a(configs.c.obj)
                0x00000000080056ce                _ConfigAbsSyms
 .text.log_msg_generic_get_wlen
                0x00000000080056d0       0x20 zephyr/libzephyr.a(log_core.c.obj)
 .text.dummy_timestamp
                0x00000000080056f0        0x4 zephyr/libzephyr.a(log_core.c.obj)
 .text.atomic_inc
                0x00000000080056f4       0x1a zephyr/libzephyr.a(log_core.c.obj)
 .text.default_lf_get_timestamp
                0x000000000800570e       0x10 zephyr/libzephyr.a(log_core.c.obj)
 .text.z_log_vprintk
                0x000000000800571e       0x1c zephyr/libzephyr.a(log_core.c.obj)
                0x000000000800571e                z_log_vprintk
 .text.z_log_notify_drop
                0x000000000800573a        0x6 zephyr/libzephyr.a(log_core.c.obj)
 .text.z_log_get_tag
                0x0000000008005740        0x4 zephyr/libzephyr.a(log_core.c.obj)
                0x0000000008005740                z_log_get_tag
 .text.log_backend_enable
                0x0000000008005744       0x12 zephyr/libzephyr.a(log_mgmt.c.obj)
                0x0000000008005744                log_backend_enable
 .text.z_cbprintf_cpy
                0x0000000008005756       0x2c zephyr/libzephyr.a(log_msg.c.obj)
 .text.z_log_msg_finalize
                0x0000000008005782       0x32 zephyr/libzephyr.a(log_msg.c.obj)
                0x0000000008005782                z_log_msg_finalize
 .text.z_log_msg_simple_create
                0x00000000080057b4       0x6e zephyr/libzephyr.a(log_msg.c.obj)
 .text.z_impl_z_log_msg_simple_create_0
                0x0000000008005822       0x12 zephyr/libzephyr.a(log_msg.c.obj)
                0x0000000008005822                z_impl_z_log_msg_simple_create_0
 .text.z_impl_z_log_msg_simple_create_1
                0x0000000008005834       0x14 zephyr/libzephyr.a(log_msg.c.obj)
                0x0000000008005834                z_impl_z_log_msg_simple_create_1
 .text.log_output_write
                0x0000000008005848       0x1c zephyr/libzephyr.a(log_output.c.obj)
 .text.log_output_flush
                0x0000000008005864       0x1a zephyr/libzephyr.a(log_output.c.obj)
 .text.out_func
                0x000000000800587e       0x36 zephyr/libzephyr.a(log_output.c.obj)
 .text.cr_out_func
                0x00000000080058b4       0x1c zephyr/libzephyr.a(log_output.c.obj)
 .text.log_output_msg_process
                0x00000000080058d0       0x6c zephyr/libzephyr.a(log_output.c.obj)
                0x00000000080058d0                log_output_msg_process
 .text.format_set
                0x000000000800593c        0xc zephyr/libzephyr.a(log_backend_uart.c.obj)
 .text.log_backend_uart_init
                0x0000000008005948        0xc zephyr/libzephyr.a(log_backend_uart.c.obj)
 .text.panic    0x0000000008005954       0x32 zephyr/libzephyr.a(log_backend_uart.c.obj)
 .text.dropped  0x0000000008005986        0xa zephyr/libzephyr.a(log_backend_uart.c.obj)
 .text.process  0x0000000008005990       0x1e zephyr/libzephyr.a(log_backend_uart.c.obj)
 .text.z_do_kernel_oops
                0x00000000080059ae        0x8 zephyr/arch/arch/arm/core/libarch__arm__core.a(fatal.c.obj)
                0x00000000080059ae                z_do_kernel_oops
 .text.z_arm_nmi
                0x00000000080059b6        0xe zephyr/arch/arch/arm/core/libarch__arm__core.a(nmi.c.obj)
                0x00000000080059b6                z_arm_nmi
 .text.z_log_msg_simple_create_0.constprop.0
                0x00000000080059c4        0x8 zephyr/arch/arch/arm/core/cortex_m/libarch__arm__core__cortex_m.a(fault.c.obj)
 .text.z_irq_spurious
                0x00000000080059cc        0x8 zephyr/arch/arch/arm/core/cortex_m/libarch__arm__core__cortex_m.a(irq_manage.c.obj)
                0x00000000080059cc                z_irq_spurious
 .text.arch_irq_unlock_outlined
                0x00000000080059d4        0xe zephyr/arch/arch/arm/core/cortex_m/libarch__arm__core__cortex_m.a(thread.c.obj)
                0x00000000080059d4                arch_irq_unlock_outlined
 .text.arch_cpu_idle
                0x00000000080059e2       0x1a zephyr/arch/arch/arm/core/cortex_m/libarch__arm__core__cortex_m.a(cpu_idle.c.obj)
                0x00000000080059e2                arch_cpu_idle
 .text.size_to_mpu_rasr_size
                0x00000000080059fc       0x20 zephyr/arch/arch/arm/core/mpu/libarch__arm__core__mpu.a(arm_mpu.c.obj)
 .text.cbputc   0x0000000008005a1c        0xc zephyr/lib/libc/picolibc/liblib__libc__picolibc.a(cbprintf.c.obj)
 .text.picolibc_put
                0x0000000008005a28        0xa zephyr/lib/libc/picolibc/liblib__libc__picolibc.a(stdio.c.obj)
 .text.stm32_gpio_intc_get_pin_irq_line
                0x0000000008005a32        0x6 zephyr/drivers/interrupt_controller/libdrivers__interrupt_controller.a(intc_exti_stm32.c.obj)
                0x0000000008005a32                stm32_gpio_intc_get_pin_irq_line
 .text.stm32_exti_set_line_src_port
                0x0000000008005a38       0x36 zephyr/drivers/interrupt_controller/libdrivers__interrupt_controller.a(intc_exti_stm32.c.obj)
                0x0000000008005a38                stm32_exti_set_line_src_port
 .text.stm32_clock_control_on
                0x0000000008005a6e       0x44 zephyr/drivers/clock_control/libdrivers__clock_control.a(clock_stm32_ll_common.c.obj)
 .text.stm32_clock_control_off
                0x0000000008005ab2       0x2e zephyr/drivers/clock_control/libdrivers__clock_control.a(clock_stm32_ll_common.c.obj)
 .text.enabled_clock
                0x0000000008005ae0       0x20 zephyr/drivers/clock_control/libdrivers__clock_control.a(clock_stm32_ll_common.c.obj)
                0x0000000008005ae0                enabled_clock
 .text.stm32_clock_control_configure
                0x0000000008005b00       0x52 zephyr/drivers/clock_control/libdrivers__clock_control.a(clock_stm32_ll_common.c.obj)
 .text.stm32_clock_control_get_status
                0x0000000008005b52       0x38 zephyr/drivers/clock_control/libdrivers__clock_control.a(clock_stm32_ll_common.c.obj)
 .text.config_regulator_voltage
                0x0000000008005b8a        0x2 zephyr/drivers/clock_control/libdrivers__clock_control.a(clock_stm32_ll_common.c.obj)
                0x0000000008005b8a                config_regulator_voltage
 .text.gpio_stm32_port_get_raw
                0x0000000008005b8c        0xc zephyr/drivers/gpio/libdrivers__gpio.a(gpio_stm32.c.obj)
 .text.gpio_stm32_port_set_masked_raw
                0x0000000008005b98       0x12 zephyr/drivers/gpio/libdrivers__gpio.a(gpio_stm32.c.obj)
 .text.gpio_stm32_port_set_bits_raw
                0x0000000008005baa        0xa zephyr/drivers/gpio/libdrivers__gpio.a(gpio_stm32.c.obj)
 .text.gpio_stm32_port_clear_bits_raw
                0x0000000008005bb4        0xc zephyr/drivers/gpio/libdrivers__gpio.a(gpio_stm32.c.obj)
 .text.gpio_stm32_port_toggle_bits
                0x0000000008005bc0        0xe zephyr/drivers/gpio/libdrivers__gpio.a(gpio_stm32.c.obj)
 .text.gpio_stm32_manage_callback
                0x0000000008005bce       0x52 zephyr/drivers/gpio/libdrivers__gpio.a(gpio_stm32.c.obj)
 .text.gpio_stm32_configure_raw.isra.0
                0x0000000008005c20      0x114 zephyr/drivers/gpio/libdrivers__gpio.a(gpio_stm32.c.obj)
 .text.gpio_stm32_config
                0x0000000008005d34       0xd8 zephyr/drivers/gpio/libdrivers__gpio.a(gpio_stm32.c.obj)
 .text.gpio_stm32_isr
                0x0000000008005e0c       0x2c zephyr/drivers/gpio/libdrivers__gpio.a(gpio_stm32.c.obj)
 .text.gpio_stm32_configure
                0x0000000008005e38       0x30 zephyr/drivers/gpio/libdrivers__gpio.a(gpio_stm32.c.obj)
                0x0000000008005e38                gpio_stm32_configure
 .text.pinctrl_lookup_state
                0x0000000008005e68       0x26 zephyr/drivers/pinctrl/libdrivers__pinctrl.a(common.c.obj)
                0x0000000008005e68                pinctrl_lookup_state
 .text.reset_stm32_status
                0x0000000008005e8e       0x22 zephyr/drivers/reset/libdrivers__reset.a(reset_stm32.c.obj)
 .text.reset_stm32_line_assert
                0x0000000008005eb0       0x1c zephyr/drivers/reset/libdrivers__reset.a(reset_stm32.c.obj)
 .text.reset_stm32_line_deassert
                0x0000000008005ecc       0x1e zephyr/drivers/reset/libdrivers__reset.a(reset_stm32.c.obj)
 .text.reset_stm32_line_toggle
                0x0000000008005eea       0x16 zephyr/drivers/reset/libdrivers__reset.a(reset_stm32.c.obj)
 .text.uart_stm32_ll2cfg_databits
                0x0000000008005f00       0x2a zephyr/drivers/serial/libdrivers__serial.a(uart_stm32.c.obj)
 .text.uart_stm32_err_check
                0x0000000008005f2a       0x5a zephyr/drivers/serial/libdrivers__serial.a(uart_stm32.c.obj)
 .text.uart_stm32_irq_tx_enable
                0x0000000008005f84       0x16 zephyr/drivers/serial/libdrivers__serial.a(uart_stm32.c.obj)
 .text.uart_stm32_irq_tx_disable
                0x0000000008005f9a       0x16 zephyr/drivers/serial/libdrivers__serial.a(uart_stm32.c.obj)
 .text.uart_stm32_irq_rx_enable
                0x0000000008005fb0       0x16 zephyr/drivers/serial/libdrivers__serial.a(uart_stm32.c.obj)
 .text.uart_stm32_irq_rx_disable
                0x0000000008005fc6       0x16 zephyr/drivers/serial/libdrivers__serial.a(uart_stm32.c.obj)
 .text.uart_stm32_irq_rx_ready
                0x0000000008005fdc        0xc zephyr/drivers/serial/libdrivers__serial.a(uart_stm32.c.obj)
 .text.uart_stm32_irq_update
                0x0000000008005fe8        0x4 zephyr/drivers/serial/libdrivers__serial.a(uart_stm32.c.obj)
 .text.uart_stm32_irq_callback_set
                0x0000000008005fec        0x8 zephyr/drivers/serial/libdrivers__serial.a(uart_stm32.c.obj)
 .text.uart_stm32_isr
                0x0000000008005ff4        0xc zephyr/drivers/serial/libdrivers__serial.a(uart_stm32.c.obj)
 .text.uart_stm32_irq_config_func_0
                0x0000000008006000       0x16 zephyr/drivers/serial/libdrivers__serial.a(uart_stm32.c.obj)
 .text.uart_stm32_irq_config_func_1
                0x0000000008006016       0x16 zephyr/drivers/serial/libdrivers__serial.a(uart_stm32.c.obj)
 .text.uart_stm32_irq_config_func_2
                0x000000000800602c       0x16 zephyr/drivers/serial/libdrivers__serial.a(uart_stm32.c.obj)
 .text.uart_stm32_irq_config_func_3
                0x0000000008006042       0x16 zephyr/drivers/serial/libdrivers__serial.a(uart_stm32.c.obj)
 .text.uart_stm32_irq_tx_complete
                0x0000000008006058        0xc zephyr/drivers/serial/libdrivers__serial.a(uart_stm32.c.obj)
 .text.uart_stm32_irq_tx_ready
                0x0000000008006064       0x14 zephyr/drivers/serial/libdrivers__serial.a(uart_stm32.c.obj)
 .text.uart_stm32_config_get
                0x0000000008006078       0x92 zephyr/drivers/serial/libdrivers__serial.a(uart_stm32.c.obj)
 .text.uart_stm32_set_baudrate
                0x000000000800610a       0x3c zephyr/drivers/serial/libdrivers__serial.a(uart_stm32.c.obj)
 .text.uart_stm32_fifo_fill
                0x0000000008006146       0x58 zephyr/drivers/serial/libdrivers__serial.a(uart_stm32.c.obj)
 .text.uart_stm32_poll_out
                0x000000000800619e       0x36 zephyr/drivers/serial/libdrivers__serial.a(uart_stm32.c.obj)
 .text.uart_stm32_irq_is_pending
                0x00000000080061d4       0x24 zephyr/drivers/serial/libdrivers__serial.a(uart_stm32.c.obj)
 .text.uart_stm32_fifo_read
                0x00000000080061f8       0x42 zephyr/drivers/serial/libdrivers__serial.a(uart_stm32.c.obj)
 .text.uart_stm32_poll_in
                0x000000000800623a       0x22 zephyr/drivers/serial/libdrivers__serial.a(uart_stm32.c.obj)
 .text.gpio_pin_set_dt
                0x000000000800625c       0x28 modules/bus485/src/lib..__..__work__Tz__Bus485__bus485__src.a(bus485.c.obj)
 .text.z_impl_uart_irq_tx_disable
                0x0000000008006284        0xa modules/bus485/src/lib..__..__work__Tz__Bus485__bus485__src.a(bus485.c.obj)
 .text.z_impl_uart_irq_rx_disable
                0x000000000800628e        0xa modules/bus485/src/lib..__..__work__Tz__Bus485__bus485__src.a(bus485.c.obj)
 .text.uart_irq_rx_enable
                0x0000000008006298        0xa modules/bus485/src/lib..__..__work__Tz__Bus485__bus485__src.a(bus485.c.obj)
 .text.interrupt_handler
                0x00000000080062a2       0xae modules/bus485/src/lib..__..__work__Tz__Bus485__bus485__src.a(bus485.c.obj)
 .text.bus485_lock
                0x0000000008006350       0x1a modules/bus485/src/lib..__..__work__Tz__Bus485__bus485__src.a(bus485.c.obj)
                0x0000000008006350                bus485_lock
 .text.bus485_release
                0x000000000800636a       0x10 modules/bus485/src/lib..__..__work__Tz__Bus485__bus485__src.a(bus485.c.obj)
                0x000000000800636a                bus485_release
 .text.bus485_send
                0x000000000800637a       0x76 modules/bus485/src/lib..__..__work__Tz__Bus485__bus485__src.a(bus485.c.obj)
                0x000000000800637a                bus485_send
 .text.bus485_recv
                0x00000000080063f0       0x82 modules/bus485/src/lib..__..__work__Tz__Bus485__bus485__src.a(bus485.c.obj)
                0x00000000080063f0                bus485_recv
 .text.bus485_flush
                0x0000000008006472       0x22 modules/bus485/src/lib..__..__work__Tz__Bus485__bus485__src.a(bus485.c.obj)
                0x0000000008006472                bus485_flush
 .text.z_device_state_init
                0x0000000008006494        0x2 zephyr/kernel/libkernel.a(device.c.obj)
                0x0000000008006494                z_device_state_init
 .text.z_impl_device_is_ready
                0x0000000008006496       0x16 zephyr/kernel/libkernel.a(device.c.obj)
                0x0000000008006496                z_impl_device_is_ready
 .text.arch_system_halt
                0x00000000080064ac       0x10 zephyr/kernel/libkernel.a(fatal.c.obj)
                0x00000000080064ac                arch_system_halt
 .text.do_device_init
                0x00000000080064bc       0x2e zephyr/kernel/libkernel.a(init.c.obj)
 .text.z_early_memset
                0x00000000080064ea        0x4 zephyr/kernel/libkernel.a(init.c.obj)
                0x00000000080064ea                z_early_memset
 .text.z_early_memcpy
                0x00000000080064ee        0x4 zephyr/kernel/libkernel.a(init.c.obj)
                0x00000000080064ee                z_early_memcpy
 .text.idle     0x00000000080064f2       0x16 zephyr/kernel/libkernel.a(idle.c.obj)
                0x00000000080064f2                idle
 .text.unpend_thread_no_timeout
                0x0000000008006508       0x1a zephyr/kernel/libkernel.a(msg_q.c.obj)
 .text.k_msgq_init
                0x0000000008006522       0x1e zephyr/kernel/libkernel.a(msg_q.c.obj)
                0x0000000008006522                k_msgq_init
 .text.k_msgq_cleanup
                0x0000000008006540       0x32 zephyr/kernel/libkernel.a(msg_q.c.obj)
                0x0000000008006540                k_msgq_cleanup
 .text.z_impl_k_sem_init
                0x0000000008006572       0x18 zephyr/kernel/libkernel.a(sem.c.obj)
                0x0000000008006572                z_impl_k_sem_init
 .text.k_is_in_isr
                0x000000000800658a        0xc zephyr/kernel/libkernel.a(thread.c.obj)
                0x000000000800658a                k_is_in_isr
 .text.z_impl_k_thread_name_set
                0x0000000008006596        0x6 zephyr/kernel/libkernel.a(thread.c.obj)
                0x0000000008006596                z_impl_k_thread_name_set
 .text.k_thread_name_get
                0x000000000800659c        0x4 zephyr/kernel/libkernel.a(thread.c.obj)
                0x000000000800659c                k_thread_name_get
 .text.sys_dlist_remove
                0x00000000080065a0       0x10 zephyr/kernel/libkernel.a(sched.c.obj)
 .text.unpend_thread_no_timeout
                0x00000000080065b0       0x14 zephyr/kernel/libkernel.a(sched.c.obj)
 .text.add_to_waitq_locked
                0x00000000080065c4       0x50 zephyr/kernel/libkernel.a(sched.c.obj)
 .text.z_ready_thread
                0x0000000008006614       0x1e zephyr/kernel/libkernel.a(sched.c.obj)
                0x0000000008006614                z_ready_thread
 .text.z_unpend_thread_no_timeout
                0x0000000008006632       0x22 zephyr/kernel/libkernel.a(sched.c.obj)
                0x0000000008006632                z_unpend_thread_no_timeout
 .text.z_sched_wake_thread
                0x0000000008006654       0x3a zephyr/kernel/libkernel.a(sched.c.obj)
                0x0000000008006654                z_sched_wake_thread
 .text.z_thread_timeout
                0x000000000800668e        0x8 zephyr/kernel/libkernel.a(sched.c.obj)
                0x000000000800668e                z_thread_timeout
 .text.z_unpend1_no_timeout
                0x0000000008006696       0x2c zephyr/kernel/libkernel.a(sched.c.obj)
                0x0000000008006696                z_unpend1_no_timeout
 .text.z_unpend_thread
                0x00000000080066c2       0x10 zephyr/kernel/libkernel.a(sched.c.obj)
                0x00000000080066c2                z_unpend_thread
 .text.z_unpend_all
                0x00000000080066d2       0x26 zephyr/kernel/libkernel.a(sched.c.obj)
                0x00000000080066d2                z_unpend_all
 .text.z_impl_k_sleep
                0x00000000080066f8       0x50 zephyr/kernel/libkernel.a(sched.c.obj)
                0x00000000080066f8                z_impl_k_sleep
 .text.next_timeout
                0x0000000008006748       0x2e zephyr/kernel/libkernel.a(timeout.c.obj)
 .text.z_abort_timeout
                0x0000000008006776       0x50 zephyr/kernel/libkernel.a(timeout.c.obj)
                0x0000000008006776                z_abort_timeout
 .text.sys_clock_tick_get_32
                0x00000000080067c6        0x8 zephyr/kernel/libkernel.a(timeout.c.obj)
                0x00000000080067c6                sys_clock_tick_get_32
 .text.z_impl_k_uptime_ticks
                0x00000000080067ce        0x4 zephyr/kernel/libkernel.a(timeout.c.obj)
                0x00000000080067ce                z_impl_k_uptime_ticks
 .text.k_timer_init
                0x00000000080067d2       0x18 zephyr/kernel/libkernel.a(timer.c.obj)
                0x00000000080067d2                k_timer_init
 .text.z_impl_k_timer_stop
                0x00000000080067ea       0x38 zephyr/kernel/libkernel.a(timer.c.obj)
                0x00000000080067ea                z_impl_k_timer_stop
 .text.k_free   0x0000000008006822        0xe zephyr/kernel/libkernel.a(mempool.c.obj)
                0x0000000008006822                k_free
 .text.k_heap_init
                0x0000000008006830       0x10 zephyr/kernel/libkernel.a(kheap.c.obj)
                0x0000000008006830                k_heap_init
 .text.k_heap_free
                0x0000000008006840       0x38 zephyr/kernel/libkernel.a(kheap.c.obj)
                0x0000000008006840                k_heap_free
 .text.memcpy   0x0000000008006878       0x1c /home/no01eg/zephyr-sdk-0.17.1/arm-zephyr-eabi/bin/../lib/gcc/../../picolibc/arm-zephyr-eabi/lib/thumb/v7e-m/nofp/libc.a(memcpy.c.o)
                0x0000000008006878                memcpy
                0x0000000008006878                __aeabi_memcpy
                0x0000000008006878                __aeabi_memcpy4
                0x0000000008006878                __aeabi_memcpy8
 .text.memset   0x0000000008006894       0x10 /home/no01eg/zephyr-sdk-0.17.1/arm-zephyr-eabi/bin/../lib/gcc/../../picolibc/arm-zephyr-eabi/lib/thumb/v7e-m/nofp/libc.a(memset.c.o)
                0x0000000008006894                memset
 .text.strnlen  0x00000000080068a4       0x18 /home/no01eg/zephyr-sdk-0.17.1/arm-zephyr-eabi/bin/../lib/gcc/../../picolibc/arm-zephyr-eabi/lib/thumb/v7e-m/nofp/libc.a(libc_string_strnlen.c.o)
                0x00000000080068a4                strnlen
 .text.__ultoa_invert
                0x00000000080068bc       0xae /home/no01eg/zephyr-sdk-0.17.1/arm-zephyr-eabi/bin/../lib/gcc/../../picolibc/arm-zephyr-eabi/lib/thumb/v7e-m/nofp/libc.a(libc_tinystdio_vflprintf.c.o)
 .text.__file_str_put
                0x000000000800696a       0x10 /home/no01eg/zephyr-sdk-0.17.1/arm-zephyr-eabi/bin/../lib/gcc/../../picolibc/arm-zephyr-eabi/lib/thumb/v7e-m/nofp/libc.a(libc_tinystdio_filestrput.c.o)
                0x000000000800696a                __file_str_put
 *(SORT_BY_ALIGNMENT(.TEXT.*))
 *fill*         0x000000000800697a        0x2 
 .TEXT.__aeabi_read_tp
                0x000000000800697c        0xc zephyr/arch/arch/arm/core/cortex_m/libarch__arm__core__cortex_m.a(__aeabi_read_tp.S.obj)
                0x000000000800697c                __aeabi_read_tp
 *(SORT_BY_ALIGNMENT(.gnu.linkonce.t.*))
 *(SORT_BY_ALIGNMENT(.glue_7t))
 .glue_7t       0x0000000008006988        0x0 linker stubs
 *(SORT_BY_ALIGNMENT(.glue_7))
 .glue_7        0x0000000008006988        0x0 linker stubs
 *(SORT_BY_ALIGNMENT(.vfp11_veneer))
 .vfp11_veneer  0x0000000008006988        0x0 linker stubs
 *(SORT_BY_ALIGNMENT(.v4_bx))
 .v4_bx         0x0000000008006988        0x0 linker stubs
                0x0000000008006988                . = ALIGN (0x4)
                0x0000000008006988                __text_region_end = .

.ARM.exidx      0x0000000008006988        0x8
                0x0000000008006988                __exidx_start = .
 *(SORT_BY_ALIGNMENT(.ARM.exidx*) SORT_BY_ALIGNMENT(gnu.linkonce.armexidx.*))
 .ARM.exidx     0x0000000008006988        0x8 /home/no01eg/zephyr-sdk-0.17.1/arm-zephyr-eabi/bin/../lib/gcc/../../picolibc/arm-zephyr-eabi/lib/thumb/v7e-m/nofp/libc.a(strlen.S.o)
 .ARM.exidx     0x0000000008006990        0x0 /home/no01eg/zephyr-sdk-0.17.1/arm-zephyr-eabi/bin/../lib/gcc/arm-zephyr-eabi/12.2.0/thumb/v7e-m/nofp/libgcc.a(_udivmoddi4.o)
                                          0x8 (size before relaxing)
                0x0000000008006990                __exidx_end = .
                0x0000000008006990                __rodata_region_start = .

initlevel       0x0000000008006990       0xc8
                0x0000000008006990                __init_start = .
                0x0000000008006990                __init_EARLY_start = .
 *(SORT_BY_NAME(SORT_BY_ALIGNMENT(.z_init_EARLY_P_?_*)))
 *(SORT_BY_NAME(SORT_BY_ALIGNMENT(.z_init_EARLY_P_??_*)))
 *(SORT_BY_NAME(SORT_BY_ALIGNMENT(.z_init_EARLY_P_???_*)))
                0x0000000008006990                __init_PRE_KERNEL_1_start = .
 *(SORT_BY_NAME(SORT_BY_ALIGNMENT(.z_init_PRE_KERNEL_1_P_?_*)))
 .z_init_PRE_KERNEL_1_P_1_SUB_00009_
                0x0000000008006990        0x8 zephyr/drivers/clock_control/libdrivers__clock_control.a(clock_stm32_ll_common.c.obj)
 .z_init_PRE_KERNEL_1_P_1_SUB_0_
                0x0000000008006998        0x8 zephyr/libzephyr.a(soc_config.c.obj)
 *(SORT_BY_NAME(SORT_BY_ALIGNMENT(.z_init_PRE_KERNEL_1_P_??_*)))
 .z_init_PRE_KERNEL_1_P_30_SUB_0_
                0x00000000080069a0        0x8 zephyr/kernel/libkernel.a(kheap.c.obj)
 .z_init_PRE_KERNEL_1_P_35_SUB_00050_
                0x00000000080069a8        0x8 zephyr/drivers/reset/libdrivers__reset.a(reset_stm32.c.obj)
 .z_init_PRE_KERNEL_1_P_40_SUB_00032_
                0x00000000080069b0        0x8 zephyr/drivers/gpio/libdrivers__gpio.a(gpio_stm32.c.obj)
 .z_init_PRE_KERNEL_1_P_40_SUB_00035_
                0x00000000080069b8        0x8 zephyr/drivers/gpio/libdrivers__gpio.a(gpio_stm32.c.obj)
 .z_init_PRE_KERNEL_1_P_40_SUB_00057_
                0x00000000080069c0        0x8 zephyr/drivers/interrupt_controller/libdrivers__interrupt_controller.a(intc_exti_stm32.c.obj)
 .z_init_PRE_KERNEL_1_P_40_SUB_00074_
                0x00000000080069c8        0x8 zephyr/drivers/gpio/libdrivers__gpio.a(gpio_stm32.c.obj)
 .z_init_PRE_KERNEL_1_P_40_SUB_00115_
                0x00000000080069d0        0x8 zephyr/drivers/gpio/libdrivers__gpio.a(gpio_stm32.c.obj)
 .z_init_PRE_KERNEL_1_P_40_SUB_00116_
                0x00000000080069d8        0x8 zephyr/drivers/gpio/libdrivers__gpio.a(gpio_stm32.c.obj)
 .z_init_PRE_KERNEL_1_P_40_SUB_00117_
                0x00000000080069e0        0x8 zephyr/drivers/gpio/libdrivers__gpio.a(gpio_stm32.c.obj)
 .z_init_PRE_KERNEL_1_P_40_SUB_00118_
                0x00000000080069e8        0x8 zephyr/drivers/gpio/libdrivers__gpio.a(gpio_stm32.c.obj)
 .z_init_PRE_KERNEL_1_P_40_SUB_00119_
                0x00000000080069f0        0x8 zephyr/drivers/gpio/libdrivers__gpio.a(gpio_stm32.c.obj)
 .z_init_PRE_KERNEL_1_P_40_SUB_00120_
                0x00000000080069f8        0x8 zephyr/drivers/gpio/libdrivers__gpio.a(gpio_stm32.c.obj)
 .z_init_PRE_KERNEL_1_P_40_SUB_00121_
                0x0000000008006a00        0x8 zephyr/drivers/gpio/libdrivers__gpio.a(gpio_stm32.c.obj)
 .z_init_PRE_KERNEL_1_P_40_SUB_00122_
                0x0000000008006a08        0x8 zephyr/drivers/gpio/libdrivers__gpio.a(gpio_stm32.c.obj)
 .z_init_PRE_KERNEL_1_P_50_SUB_00064_
                0x0000000008006a10        0x8 zephyr/drivers/serial/libdrivers__serial.a(uart_stm32.c.obj)
 .z_init_PRE_KERNEL_1_P_50_SUB_00071_
                0x0000000008006a18        0x8 zephyr/drivers/serial/libdrivers__serial.a(uart_stm32.c.obj)
 .z_init_PRE_KERNEL_1_P_50_SUB_00127_
                0x0000000008006a20        0x8 zephyr/drivers/serial/libdrivers__serial.a(uart_stm32.c.obj)
 .z_init_PRE_KERNEL_1_P_50_SUB_00131_
                0x0000000008006a28        0x8 zephyr/drivers/serial/libdrivers__serial.a(uart_stm32.c.obj)
 .z_init_PRE_KERNEL_1_P_60_SUB_0_
                0x0000000008006a30        0x8 zephyr/drivers/console/libdrivers__console.a(uart_console.c.obj)
 *(SORT_BY_NAME(SORT_BY_ALIGNMENT(.z_init_PRE_KERNEL_1_P_???_*)))
                0x0000000008006a38                __init_PRE_KERNEL_2_start = .
 *(SORT_BY_NAME(SORT_BY_ALIGNMENT(.z_init_PRE_KERNEL_2_P_?_*)))
 .z_init_PRE_KERNEL_2_P_0_SUB_0_
                0x0000000008006a38        0x8 zephyr/drivers/timer/libdrivers__timer.a(cortex_m_systick.c.obj)
 *(SORT_BY_NAME(SORT_BY_ALIGNMENT(.z_init_PRE_KERNEL_2_P_??_*)))
 *(SORT_BY_NAME(SORT_BY_ALIGNMENT(.z_init_PRE_KERNEL_2_P_???_*)))
                0x0000000008006a40                __init_POST_KERNEL_start = .
 *(SORT_BY_NAME(SORT_BY_ALIGNMENT(.z_init_POST_KERNEL_P_?_*)))
 .z_init_POST_KERNEL_P_0_SUB_0_
                0x0000000008006a40        0x8 zephyr/libzephyr.a(log_core.c.obj)
 *(SORT_BY_NAME(SORT_BY_ALIGNMENT(.z_init_POST_KERNEL_P_??_*)))
 .z_init_POST_KERNEL_P_35_SUB_0_
                0x0000000008006a48        0x8 zephyr/lib/libc/common/liblib__libc__common.a(malloc.c.obj)
 .z_init_POST_KERNEL_P_50_SUB_00128_
                0x0000000008006a50        0x8 modules/bus485/src/lib..__..__work__Tz__Bus485__bus485__src.a(bus485.c.obj)
 *(SORT_BY_NAME(SORT_BY_ALIGNMENT(.z_init_POST_KERNEL_P_???_*)))
                0x0000000008006a58                __init_APPLICATION_start = .
 *(SORT_BY_NAME(SORT_BY_ALIGNMENT(.z_init_APPLICATION_P_?_*)))
 *(SORT_BY_NAME(SORT_BY_ALIGNMENT(.z_init_APPLICATION_P_??_*)))
 *(SORT_BY_NAME(SORT_BY_ALIGNMENT(.z_init_APPLICATION_P_???_*)))
                0x0000000008006a58                __init_SMP_start = .
 *(SORT_BY_NAME(SORT_BY_ALIGNMENT(.z_init_SMP_P_?_*)))
 *(SORT_BY_NAME(SORT_BY_ALIGNMENT(.z_init_SMP_P_??_*)))
 *(SORT_BY_NAME(SORT_BY_ALIGNMENT(.z_init_SMP_P_???_*)))
                0x0000000008006a58                __init_end = .

device_area     0x0000000008006a58      0x260
                0x0000000008006a58                _device_list_start = .
 *(SORT_BY_NAME(SORT_BY_ALIGNMENT(._device.static.*_?_*)))
 ._device.static.1_1_
                0x0000000008006a58       0x20 zephyr/drivers/clock_control/libdrivers__clock_control.a(clock_stm32_ll_common.c.obj)
                0x0000000008006a58                __device_dts_ord_9
 *(SORT_BY_NAME(SORT_BY_ALIGNMENT(._device.static.*_??_*)))
 ._device.static.1_35_
                0x0000000008006a78       0x20 zephyr/drivers/reset/libdrivers__reset.a(reset_stm32.c.obj)
                0x0000000008006a78                __device_dts_ord_50
 ._device.static.1_40_
                0x0000000008006a98       0x20 zephyr/drivers/interrupt_controller/libdrivers__interrupt_controller.a(intc_exti_stm32.c.obj)
                0x0000000008006a98                __device_dts_ord_57
 ._device.static.1_40_
                0x0000000008006ab8      0x160 zephyr/drivers/gpio/libdrivers__gpio.a(gpio_stm32.c.obj)
                0x0000000008006ab8                __device_dts_ord_122
                0x0000000008006ad8                __device_dts_ord_121
                0x0000000008006af8                __device_dts_ord_120
                0x0000000008006b18                __device_dts_ord_119
                0x0000000008006b38                __device_dts_ord_118
                0x0000000008006b58                __device_dts_ord_117
                0x0000000008006b78                __device_dts_ord_116
                0x0000000008006b98                __device_dts_ord_74
                0x0000000008006bb8                __device_dts_ord_32
                0x0000000008006bd8                __device_dts_ord_35
                0x0000000008006bf8                __device_dts_ord_115
 ._device.static.1_50_
                0x0000000008006c18       0x80 zephyr/drivers/serial/libdrivers__serial.a(uart_stm32.c.obj)
                0x0000000008006c18                __device_dts_ord_71
                0x0000000008006c38                __device_dts_ord_64
                0x0000000008006c58                __device_dts_ord_127
                0x0000000008006c78                __device_dts_ord_131
 ._device.static.3_50_
                0x0000000008006c98       0x20 modules/bus485/src/lib..__..__work__Tz__Bus485__bus485__src.a(bus485.c.obj)
                0x0000000008006c98                __device_dts_ord_128
 *(SORT_BY_NAME(SORT_BY_ALIGNMENT(._device.static.*_???_*)))
 *(SORT_BY_NAME(SORT_BY_ALIGNMENT(._device.static.*_????_*)))
 *(SORT_BY_NAME(SORT_BY_ALIGNMENT(._device.static.*_?????_*)))
                0x0000000008006cb8                _device_list_end = .

sw_isr_table    0x0000000008006cb8      0x370
                0x0000000008006cb8                . = ALIGN (0x4)
 *(SORT_BY_ALIGNMENT(.gnu.linkonce.sw_isr_table*))
 .gnu.linkonce.sw_isr_table
                0x0000000008006cb8      0x370 zephyr/CMakeFiles/zephyr_final.dir/isr_tables.c.obj
                0x0000000008006cb8                _sw_isr_table

initlevel_error
                0x0000000008006990        0x0
 *(SORT_BY_NAME(SORT_BY_ALIGNMENT(.z_init_*)))
                0x0000000000000001                ASSERT ((SIZEOF (initlevel_error) == 0x0), Undefined initialization levels used.)

app_shmem_regions
                0x0000000008007028        0x0
                0x0000000008007028                __app_shmem_regions_start = .
 *(SORT_BY_NAME(SORT_BY_ALIGNMENT(.app_regions.*)))
                0x0000000008007028                __app_shmem_regions_end = .

k_p4wq_initparam_area
                0x0000000008007028        0x0
                0x0000000008007028                _k_p4wq_initparam_list_start = .
 *(SORT_BY_NAME(SORT_BY_ALIGNMENT(._k_p4wq_initparam.static.*)))
                0x0000000008007028                _k_p4wq_initparam_list_end = .

_static_thread_data_area
                0x0000000008007028        0x0
                0x0000000008007028                __static_thread_data_list_start = .
 *(SORT_BY_NAME(SORT_BY_ALIGNMENT(.__static_thread_data.static.*)))
                0x0000000008007028                __static_thread_data_list_end = .

device_deps     0x0000000008007028        0x0
                0x0000000008007028                __device_deps_start = .
 *(SORT_BY_NAME(SORT_BY_ALIGNMENT(.__device_deps_pass2*)))
                0x0000000008007028                __device_deps_end = .

gpio_driver_api_area
                0x0000000008007028       0x24
                0x0000000008007028                _gpio_driver_api_list_start = .
 *(SORT_BY_NAME(SORT_BY_ALIGNMENT(._gpio_driver_api.static.*)))
 ._gpio_driver_api.static.gpio_stm32_driver_
                0x0000000008007028       0x24 zephyr/drivers/gpio/libdrivers__gpio.a(gpio_stm32.c.obj)
                0x000000000800704c                _gpio_driver_api_list_end = .

reset_driver_api_area
                0x000000000800704c       0x10
                0x000000000800704c                _reset_driver_api_list_start = .
 *(SORT_BY_NAME(SORT_BY_ALIGNMENT(._reset_driver_api.static.*)))
 ._reset_driver_api.static.reset_stm32_driver_api_
                0x000000000800704c       0x10 zephyr/drivers/reset/libdrivers__reset.a(reset_stm32.c.obj)
                0x000000000800705c                _reset_driver_api_list_end = .

shared_irq_driver_api_area
                0x000000000800705c        0x0
                0x000000000800705c                _shared_irq_driver_api_list_start = .
 *(SORT_BY_NAME(SORT_BY_ALIGNMENT(._shared_irq_driver_api.static.*)))
                0x000000000800705c                _shared_irq_driver_api_list_end = .

crypto_driver_api_area
                0x000000000800705c        0x0
                0x000000000800705c                _crypto_driver_api_list_start = .
 *(SORT_BY_NAME(SORT_BY_ALIGNMENT(._crypto_driver_api.static.*)))
                0x000000000800705c                _crypto_driver_api_list_end = .

adc_driver_api_area
                0x000000000800705c        0x0
                0x000000000800705c                _adc_driver_api_list_start = .
 *(SORT_BY_NAME(SORT_BY_ALIGNMENT(._adc_driver_api.static.*)))
                0x000000000800705c                _adc_driver_api_list_end = .

auxdisplay_driver_api_area
                0x000000000800705c        0x0
                0x000000000800705c                _auxdisplay_driver_api_list_start = .
 *(SORT_BY_NAME(SORT_BY_ALIGNMENT(._auxdisplay_driver_api.static.*)))
                0x000000000800705c                _auxdisplay_driver_api_list_end = .

bbram_driver_api_area
                0x000000000800705c        0x0
                0x000000000800705c                _bbram_driver_api_list_start = .
 *(SORT_BY_NAME(SORT_BY_ALIGNMENT(._bbram_driver_api.static.*)))
                0x000000000800705c                _bbram_driver_api_list_end = .

bt_hci_driver_api_area
                0x000000000800705c        0x0
                0x000000000800705c                _bt_hci_driver_api_list_start = .
 *(SORT_BY_NAME(SORT_BY_ALIGNMENT(._bt_hci_driver_api.static.*)))
                0x000000000800705c                _bt_hci_driver_api_list_end = .

can_driver_api_area
                0x000000000800705c        0x0
                0x000000000800705c                _can_driver_api_list_start = .
 *(SORT_BY_NAME(SORT_BY_ALIGNMENT(._can_driver_api.static.*)))
                0x000000000800705c                _can_driver_api_list_end = .

cellular_driver_api_area
                0x000000000800705c        0x0
                0x000000000800705c                _cellular_driver_api_list_start = .
 *(SORT_BY_NAME(SORT_BY_ALIGNMENT(._cellular_driver_api.static.*)))
                0x000000000800705c                _cellular_driver_api_list_end = .

charger_driver_api_area
                0x000000000800705c        0x0
                0x000000000800705c                _charger_driver_api_list_start = .
 *(SORT_BY_NAME(SORT_BY_ALIGNMENT(._charger_driver_api.static.*)))
                0x000000000800705c                _charger_driver_api_list_end = .

clock_control_driver_api_area
                0x000000000800705c       0x1c
                0x000000000800705c                _clock_control_driver_api_list_start = .
 *(SORT_BY_NAME(SORT_BY_ALIGNMENT(._clock_control_driver_api.static.*)))
 ._clock_control_driver_api.static.stm32_clock_control_api_
                0x000000000800705c       0x1c zephyr/drivers/clock_control/libdrivers__clock_control.a(clock_stm32_ll_common.c.obj)
                0x0000000008007078                _clock_control_driver_api_list_end = .

comparator_driver_api_area
                0x0000000008007078        0x0
                0x0000000008007078                _comparator_driver_api_list_start = .
 *(SORT_BY_NAME(SORT_BY_ALIGNMENT(._comparator_driver_api.static.*)))
                0x0000000008007078                _comparator_driver_api_list_end = .

coredump_driver_api_area
                0x0000000008007078        0x0
                0x0000000008007078                _coredump_driver_api_list_start = .
 *(SORT_BY_NAME(SORT_BY_ALIGNMENT(._coredump_driver_api.static.*)))
                0x0000000008007078                _coredump_driver_api_list_end = .

counter_driver_api_area
                0x0000000008007078        0x0
                0x0000000008007078                _counter_driver_api_list_start = .
 *(SORT_BY_NAME(SORT_BY_ALIGNMENT(._counter_driver_api.static.*)))
                0x0000000008007078                _counter_driver_api_list_end = .

dac_driver_api_area
                0x0000000008007078        0x0
                0x0000000008007078                _dac_driver_api_list_start = .
 *(SORT_BY_NAME(SORT_BY_ALIGNMENT(._dac_driver_api.static.*)))
                0x0000000008007078                _dac_driver_api_list_end = .

dai_driver_api_area
                0x0000000008007078        0x0
                0x0000000008007078                _dai_driver_api_list_start = .
 *(SORT_BY_NAME(SORT_BY_ALIGNMENT(._dai_driver_api.static.*)))
                0x0000000008007078                _dai_driver_api_list_end = .

display_driver_api_area
                0x0000000008007078        0x0
                0x0000000008007078                _display_driver_api_list_start = .
 *(SORT_BY_NAME(SORT_BY_ALIGNMENT(._display_driver_api.static.*)))
                0x0000000008007078                _display_driver_api_list_end = .

dma_driver_api_area
                0x0000000008007078        0x0
                0x0000000008007078                _dma_driver_api_list_start = .
 *(SORT_BY_NAME(SORT_BY_ALIGNMENT(._dma_driver_api.static.*)))
                0x0000000008007078                _dma_driver_api_list_end = .

edac_driver_api_area
                0x0000000008007078        0x0
                0x0000000008007078                _edac_driver_api_list_start = .
 *(SORT_BY_NAME(SORT_BY_ALIGNMENT(._edac_driver_api.static.*)))
                0x0000000008007078                _edac_driver_api_list_end = .

eeprom_driver_api_area
                0x0000000008007078        0x0
                0x0000000008007078                _eeprom_driver_api_list_start = .
 *(SORT_BY_NAME(SORT_BY_ALIGNMENT(._eeprom_driver_api.static.*)))
                0x0000000008007078                _eeprom_driver_api_list_end = .

emul_bbram_driver_api_area
                0x0000000008007078        0x0
                0x0000000008007078                _emul_bbram_driver_api_list_start = .
 *(SORT_BY_NAME(SORT_BY_ALIGNMENT(._emul_bbram_driver_api.static.*)))
                0x0000000008007078                _emul_bbram_driver_api_list_end = .

fuel_gauge_emul_driver_api_area
                0x0000000008007078        0x0
                0x0000000008007078                _fuel_gauge_emul_driver_api_list_start = .
 *(SORT_BY_NAME(SORT_BY_ALIGNMENT(._fuel_gauge_emul_driver_api.static.*)))
                0x0000000008007078                _fuel_gauge_emul_driver_api_list_end = .

emul_sensor_driver_api_area
                0x0000000008007078        0x0
                0x0000000008007078                _emul_sensor_driver_api_list_start = .
 *(SORT_BY_NAME(SORT_BY_ALIGNMENT(._emul_sensor_driver_api.static.*)))
                0x0000000008007078                _emul_sensor_driver_api_list_end = .

entropy_driver_api_area
                0x0000000008007078        0x0
                0x0000000008007078                _entropy_driver_api_list_start = .
 *(SORT_BY_NAME(SORT_BY_ALIGNMENT(._entropy_driver_api.static.*)))
                0x0000000008007078                _entropy_driver_api_list_end = .

espi_driver_api_area
                0x0000000008007078        0x0
                0x0000000008007078                _espi_driver_api_list_start = .
 *(SORT_BY_NAME(SORT_BY_ALIGNMENT(._espi_driver_api.static.*)))
                0x0000000008007078                _espi_driver_api_list_end = .

espi_saf_driver_api_area
                0x0000000008007078        0x0
                0x0000000008007078                _espi_saf_driver_api_list_start = .
 *(SORT_BY_NAME(SORT_BY_ALIGNMENT(._espi_saf_driver_api.static.*)))
                0x0000000008007078                _espi_saf_driver_api_list_end = .

flash_driver_api_area
                0x0000000008007078        0x0
                0x0000000008007078                _flash_driver_api_list_start = .
 *(SORT_BY_NAME(SORT_BY_ALIGNMENT(._flash_driver_api.static.*)))
                0x0000000008007078                _flash_driver_api_list_end = .

fpga_driver_api_area
                0x0000000008007078        0x0
                0x0000000008007078                _fpga_driver_api_list_start = .
 *(SORT_BY_NAME(SORT_BY_ALIGNMENT(._fpga_driver_api.static.*)))
                0x0000000008007078                _fpga_driver_api_list_end = .

fuel_gauge_driver_api_area
                0x0000000008007078        0x0
                0x0000000008007078                _fuel_gauge_driver_api_list_start = .
 *(SORT_BY_NAME(SORT_BY_ALIGNMENT(._fuel_gauge_driver_api.static.*)))
                0x0000000008007078                _fuel_gauge_driver_api_list_end = .

gnss_driver_api_area
                0x0000000008007078        0x0
                0x0000000008007078                _gnss_driver_api_list_start = .
 *(SORT_BY_NAME(SORT_BY_ALIGNMENT(._gnss_driver_api.static.*)))
                0x0000000008007078                _gnss_driver_api_list_end = .

haptics_driver_api_area
                0x0000000008007078        0x0
                0x0000000008007078                _haptics_driver_api_list_start = .
 *(SORT_BY_NAME(SORT_BY_ALIGNMENT(._haptics_driver_api.static.*)))
                0x0000000008007078                _haptics_driver_api_list_end = .

hwspinlock_driver_api_area
                0x0000000008007078        0x0
                0x0000000008007078                _hwspinlock_driver_api_list_start = .
 *(SORT_BY_NAME(SORT_BY_ALIGNMENT(._hwspinlock_driver_api.static.*)))
                0x0000000008007078                _hwspinlock_driver_api_list_end = .

i2c_driver_api_area
                0x0000000008007078        0x0
                0x0000000008007078                _i2c_driver_api_list_start = .
 *(SORT_BY_NAME(SORT_BY_ALIGNMENT(._i2c_driver_api.static.*)))
                0x0000000008007078                _i2c_driver_api_list_end = .

i2c_target_driver_api_area
                0x0000000008007078        0x0
                0x0000000008007078                _i2c_target_driver_api_list_start = .
 *(SORT_BY_NAME(SORT_BY_ALIGNMENT(._i2c_target_driver_api.static.*)))
                0x0000000008007078                _i2c_target_driver_api_list_end = .

i2s_driver_api_area
                0x0000000008007078        0x0
                0x0000000008007078                _i2s_driver_api_list_start = .
 *(SORT_BY_NAME(SORT_BY_ALIGNMENT(._i2s_driver_api.static.*)))
                0x0000000008007078                _i2s_driver_api_list_end = .

i3c_driver_api_area
                0x0000000008007078        0x0
                0x0000000008007078                _i3c_driver_api_list_start = .
 *(SORT_BY_NAME(SORT_BY_ALIGNMENT(._i3c_driver_api.static.*)))
                0x0000000008007078                _i3c_driver_api_list_end = .

ipm_driver_api_area
                0x0000000008007078        0x0
                0x0000000008007078                _ipm_driver_api_list_start = .
 *(SORT_BY_NAME(SORT_BY_ALIGNMENT(._ipm_driver_api.static.*)))
                0x0000000008007078                _ipm_driver_api_list_end = .

led_driver_api_area
                0x0000000008007078        0x0
                0x0000000008007078                _led_driver_api_list_start = .
 *(SORT_BY_NAME(SORT_BY_ALIGNMENT(._led_driver_api.static.*)))
                0x0000000008007078                _led_driver_api_list_end = .

led_strip_driver_api_area
                0x0000000008007078        0x0
                0x0000000008007078                _led_strip_driver_api_list_start = .
 *(SORT_BY_NAME(SORT_BY_ALIGNMENT(._led_strip_driver_api.static.*)))
                0x0000000008007078                _led_strip_driver_api_list_end = .

lora_driver_api_area
                0x0000000008007078        0x0
                0x0000000008007078                _lora_driver_api_list_start = .
 *(SORT_BY_NAME(SORT_BY_ALIGNMENT(._lora_driver_api.static.*)))
                0x0000000008007078                _lora_driver_api_list_end = .

mbox_driver_api_area
                0x0000000008007078        0x0
                0x0000000008007078                _mbox_driver_api_list_start = .
 *(SORT_BY_NAME(SORT_BY_ALIGNMENT(._mbox_driver_api.static.*)))
                0x0000000008007078                _mbox_driver_api_list_end = .

mdio_driver_api_area
                0x0000000008007078        0x0
                0x0000000008007078                _mdio_driver_api_list_start = .
 *(SORT_BY_NAME(SORT_BY_ALIGNMENT(._mdio_driver_api.static.*)))
                0x0000000008007078                _mdio_driver_api_list_end = .

mipi_dbi_driver_api_area
                0x0000000008007078        0x0
                0x0000000008007078                _mipi_dbi_driver_api_list_start = .
 *(SORT_BY_NAME(SORT_BY_ALIGNMENT(._mipi_dbi_driver_api.static.*)))
                0x0000000008007078                _mipi_dbi_driver_api_list_end = .

mipi_dsi_driver_api_area
                0x0000000008007078        0x0
                0x0000000008007078                _mipi_dsi_driver_api_list_start = .
 *(SORT_BY_NAME(SORT_BY_ALIGNMENT(._mipi_dsi_driver_api.static.*)))
                0x0000000008007078                _mipi_dsi_driver_api_list_end = .

mspi_driver_api_area
                0x0000000008007078        0x0
                0x0000000008007078                _mspi_driver_api_list_start = .
 *(SORT_BY_NAME(SORT_BY_ALIGNMENT(._mspi_driver_api.static.*)))
                0x0000000008007078                _mspi_driver_api_list_end = .

peci_driver_api_area
                0x0000000008007078        0x0
                0x0000000008007078                _peci_driver_api_list_start = .
 *(SORT_BY_NAME(SORT_BY_ALIGNMENT(._peci_driver_api.static.*)))
                0x0000000008007078                _peci_driver_api_list_end = .

ps2_driver_api_area
                0x0000000008007078        0x0
                0x0000000008007078                _ps2_driver_api_list_start = .
 *(SORT_BY_NAME(SORT_BY_ALIGNMENT(._ps2_driver_api.static.*)))
                0x0000000008007078                _ps2_driver_api_list_end = .

ptp_clock_driver_api_area
                0x0000000008007078        0x0
                0x0000000008007078                _ptp_clock_driver_api_list_start = .
 *(SORT_BY_NAME(SORT_BY_ALIGNMENT(._ptp_clock_driver_api.static.*)))
                0x0000000008007078                _ptp_clock_driver_api_list_end = .

pwm_driver_api_area
                0x0000000008007078        0x0
                0x0000000008007078                _pwm_driver_api_list_start = .
 *(SORT_BY_NAME(SORT_BY_ALIGNMENT(._pwm_driver_api.static.*)))
                0x0000000008007078                _pwm_driver_api_list_end = .

regulator_parent_driver_api_area
                0x0000000008007078        0x0
                0x0000000008007078                _regulator_parent_driver_api_list_start = .
 *(SORT_BY_NAME(SORT_BY_ALIGNMENT(._regulator_parent_driver_api.static.*)))
                0x0000000008007078                _regulator_parent_driver_api_list_end = .

regulator_driver_api_area
                0x0000000008007078        0x0
                0x0000000008007078                _regulator_driver_api_list_start = .
 *(SORT_BY_NAME(SORT_BY_ALIGNMENT(._regulator_driver_api.static.*)))
                0x0000000008007078                _regulator_driver_api_list_end = .

retained_mem_driver_api_area
                0x0000000008007078        0x0
                0x0000000008007078                _retained_mem_driver_api_list_start = .
 *(SORT_BY_NAME(SORT_BY_ALIGNMENT(._retained_mem_driver_api.static.*)))
                0x0000000008007078                _retained_mem_driver_api_list_end = .

rtc_driver_api_area
                0x0000000008007078        0x0
                0x0000000008007078                _rtc_driver_api_list_start = .
 *(SORT_BY_NAME(SORT_BY_ALIGNMENT(._rtc_driver_api.static.*)))
                0x0000000008007078                _rtc_driver_api_list_end = .

sdhc_driver_api_area
                0x0000000008007078        0x0
                0x0000000008007078                _sdhc_driver_api_list_start = .
 *(SORT_BY_NAME(SORT_BY_ALIGNMENT(._sdhc_driver_api.static.*)))
                0x0000000008007078                _sdhc_driver_api_list_end = .

sensor_driver_api_area
                0x0000000008007078        0x0
                0x0000000008007078                _sensor_driver_api_list_start = .
 *(SORT_BY_NAME(SORT_BY_ALIGNMENT(._sensor_driver_api.static.*)))
                0x0000000008007078                _sensor_driver_api_list_end = .

smbus_driver_api_area
                0x0000000008007078        0x0
                0x0000000008007078                _smbus_driver_api_list_start = .
 *(SORT_BY_NAME(SORT_BY_ALIGNMENT(._smbus_driver_api.static.*)))
                0x0000000008007078                _smbus_driver_api_list_end = .

spi_driver_api_area
                0x0000000008007078        0x0
                0x0000000008007078                _spi_driver_api_list_start = .
 *(SORT_BY_NAME(SORT_BY_ALIGNMENT(._spi_driver_api.static.*)))
                0x0000000008007078                _spi_driver_api_list_end = .

stepper_driver_api_area
                0x0000000008007078        0x0
                0x0000000008007078                _stepper_driver_api_list_start = .
 *(SORT_BY_NAME(SORT_BY_ALIGNMENT(._stepper_driver_api.static.*)))
                0x0000000008007078                _stepper_driver_api_list_end = .

syscon_driver_api_area
                0x0000000008007078        0x0
                0x0000000008007078                _syscon_driver_api_list_start = .
 *(SORT_BY_NAME(SORT_BY_ALIGNMENT(._syscon_driver_api.static.*)))
                0x0000000008007078                _syscon_driver_api_list_end = .

tee_driver_api_area
                0x0000000008007078        0x0
                0x0000000008007078                _tee_driver_api_list_start = .
 *(SORT_BY_NAME(SORT_BY_ALIGNMENT(._tee_driver_api.static.*)))
                0x0000000008007078                _tee_driver_api_list_end = .

video_driver_api_area
                0x0000000008007078        0x0
                0x0000000008007078                _video_driver_api_list_start = .
 *(SORT_BY_NAME(SORT_BY_ALIGNMENT(._video_driver_api.static.*)))
                0x0000000008007078                _video_driver_api_list_end = .

w1_driver_api_area
                0x0000000008007078        0x0
                0x0000000008007078                _w1_driver_api_list_start = .
 *(SORT_BY_NAME(SORT_BY_ALIGNMENT(._w1_driver_api.static.*)))
                0x0000000008007078                _w1_driver_api_list_end = .

wdt_driver_api_area
                0x0000000008007078        0x0
                0x0000000008007078                _wdt_driver_api_list_start = .
 *(SORT_BY_NAME(SORT_BY_ALIGNMENT(._wdt_driver_api.static.*)))
                0x0000000008007078                _wdt_driver_api_list_end = .

can_transceiver_driver_api_area
                0x0000000008007078        0x0
                0x0000000008007078                _can_transceiver_driver_api_list_start = .
 *(SORT_BY_NAME(SORT_BY_ALIGNMENT(._can_transceiver_driver_api.static.*)))
                0x0000000008007078                _can_transceiver_driver_api_list_end = .

nrf_clock_control_driver_api_area
                0x0000000008007078        0x0
                0x0000000008007078                _nrf_clock_control_driver_api_list_start = .
 *(SORT_BY_NAME(SORT_BY_ALIGNMENT(._nrf_clock_control_driver_api.static.*)))
                0x0000000008007078                _nrf_clock_control_driver_api_list_end = .

i3c_target_driver_api_area
                0x0000000008007078        0x0
                0x0000000008007078                _i3c_target_driver_api_list_start = .
 *(SORT_BY_NAME(SORT_BY_ALIGNMENT(._i3c_target_driver_api.static.*)))
                0x0000000008007078                _i3c_target_driver_api_list_end = .

its_driver_api_area
                0x0000000008007078        0x0
                0x0000000008007078                _its_driver_api_list_start = .
 *(SORT_BY_NAME(SORT_BY_ALIGNMENT(._its_driver_api.static.*)))
                0x0000000008007078                _its_driver_api_list_end = .

vtd_driver_api_area
                0x0000000008007078        0x0
                0x0000000008007078                _vtd_driver_api_list_start = .
 *(SORT_BY_NAME(SORT_BY_ALIGNMENT(._vtd_driver_api.static.*)))
                0x0000000008007078                _vtd_driver_api_list_end = .

tgpio_driver_api_area
                0x0000000008007078        0x0
                0x0000000008007078                _tgpio_driver_api_list_start = .
 *(SORT_BY_NAME(SORT_BY_ALIGNMENT(._tgpio_driver_api.static.*)))
                0x0000000008007078                _tgpio_driver_api_list_end = .

pcie_ctrl_driver_api_area
                0x0000000008007078        0x0
                0x0000000008007078                _pcie_ctrl_driver_api_list_start = .
 *(SORT_BY_NAME(SORT_BY_ALIGNMENT(._pcie_ctrl_driver_api.static.*)))
                0x0000000008007078                _pcie_ctrl_driver_api_list_end = .

pcie_ep_driver_api_area
                0x0000000008007078        0x0
                0x0000000008007078                _pcie_ep_driver_api_list_start = .
 *(SORT_BY_NAME(SORT_BY_ALIGNMENT(._pcie_ep_driver_api.static.*)))
                0x0000000008007078                _pcie_ep_driver_api_list_end = .

svc_driver_api_area
                0x0000000008007078        0x0
                0x0000000008007078                _svc_driver_api_list_start = .
 *(SORT_BY_NAME(SORT_BY_ALIGNMENT(._svc_driver_api.static.*)))
                0x0000000008007078                _svc_driver_api_list_end = .

uart_driver_api_area
                0x0000000008007078       0x4c
                0x0000000008007078                _uart_driver_api_list_start = .
 *(SORT_BY_NAME(SORT_BY_ALIGNMENT(._uart_driver_api.static.*)))
 ._uart_driver_api.static.uart_stm32_driver_api_
                0x0000000008007078       0x4c zephyr/drivers/serial/libdrivers__serial.a(uart_stm32.c.obj)
                0x00000000080070c4                _uart_driver_api_list_end = .

bc12_emul_driver_api_area
                0x00000000080070c4        0x0
                0x00000000080070c4                _bc12_emul_driver_api_list_start = .
 *(SORT_BY_NAME(SORT_BY_ALIGNMENT(._bc12_emul_driver_api.static.*)))
                0x00000000080070c4                _bc12_emul_driver_api_list_end = .

bc12_driver_api_area
                0x00000000080070c4        0x0
                0x00000000080070c4                _bc12_driver_api_list_start = .
 *(SORT_BY_NAME(SORT_BY_ALIGNMENT(._bc12_driver_api.static.*)))
                0x00000000080070c4                _bc12_driver_api_list_end = .

usbc_ppc_driver_api_area
                0x00000000080070c4        0x0
                0x00000000080070c4                _usbc_ppc_driver_api_list_start = .
 *(SORT_BY_NAME(SORT_BY_ALIGNMENT(._usbc_ppc_driver_api.static.*)))
                0x00000000080070c4                _usbc_ppc_driver_api_list_end = .

tcpc_driver_api_area
                0x00000000080070c4        0x0
                0x00000000080070c4                _tcpc_driver_api_list_start = .
 *(SORT_BY_NAME(SORT_BY_ALIGNMENT(._tcpc_driver_api.static.*)))